
Allocating common symbols
Common symbol       size              file

CMFifo              0xbc0             modules/control_messages_fifo.o
tInit               0x4               kernel_slave.o
waitingServices     0x6e0             kernel_slave.o
time_slice          0x4               modules/local_scheduler.o
auxIndex            0x4               kernel_slave.o
Sessions            0x420             kernel_slave.o
glfsr_c0            0x18              kernel_slave.o
cluster_master_address
                    0x4               kernel_slave.o
ward_pairs          0x320             modules/osz_slave.o
scheduling          0x2c              modules/local_scheduler.o
auxSlot             0x4               kernel_slave.o
task_location       0xc0              modules/task_location.o
auxCode             0x4               kernel_slave.o
net_addr            0x4               modules/seek.o
pipe                0x16dc            modules/communication.o
fifo_seek           0x50              kernel_slave.o
glfsr_d0            0x18              kernel_slave.o
idle_tcb            0xa4              kernel_slave.o
waitingMessages     0x1428            kernel_slave.o
total_slack_time    0x4               kernel_slave.o
msg_write_pipe      0x204             kernel_slave.o
recptIndex          0x4               kernel_slave.o
net_address         0x4               kernel_slave.o
port_go             0x4               modules/osz_slave.o
current             0x4               kernel_slave.o
slave_candidate_other_cluster
                    0x10              modules/osz_slave.o
instant_overhead    0x4               modules/local_scheduler.o
tcbs                0xa4              modules/task_control.o
SR_Table            0x3cf0            modules/seek.o
address_back        0x4               modules/osz_slave.o
msg_request         0x28              modules/communication.o
sh_slot2            0xb4              modules/packet.o
slave_candidate_my_cluster
                    0x4               modules/osz_slave.o
slot_seek           0x4               kernel_slave.o
auxTime             0x4               kernel_slave.o
tEnd                0x4               kernel_slave.o
ward_master         0x8               modules/osz_slave.o
message_request     0x90              modules/communication.o
last_idle_time      0x4               kernel_slave.o
schedule_after_syscall
                    0x4               kernel_slave.o
sh_slot1            0xb4              modules/packet.o
port_back           0x4               modules/osz_slave.o
auxSession          0x4               kernel_slave.o
address_go          0x4               modules/osz_slave.o
master_other_cluster
                    0x8               modules/osz_slave.o
pending_services_FIFO
                    0xdc0             modules/pending_service.o

Discarded input sections

 .reginfo       0x0000000000000000        0x0 kernel_slave.o
 .reginfo       0x0000000000000000        0x0 modules/utils.o
 .reginfo       0x0000000000000000        0x0 modules/packet.o
 .reginfo       0x0000000000000000        0x0 modules/pending_service.o
 .reginfo       0x0000000000000000        0x0 modules/communication.o
 .reginfo       0x0000000000000000        0x0 modules/task_control.o
 .reginfo       0x0000000000000000        0x0 modules/task_location.o
 .reginfo       0x0000000000000000        0x0 modules/task_migration.o
 .reginfo       0x0000000000000000        0x0 modules/local_scheduler.o
 .reginfo       0x0000000000000000        0x0 modules/seek.o
 .reginfo       0x0000000000000000        0x0 modules/control_messages_fifo.o
 .reginfo       0x0000000000000000        0x0 modules/csiphash.o
 .reginfo       0x0000000000000000        0x0 modules/lfsr.o
 .reginfo       0x0000000000000000        0x0 modules/osz_slave.o
 .reginfo       0x0000000000000000        0x0 ../include/kernel_pkg.o

Memory Configuration

Name             Origin             Length             Attributes
*default*        0x0000000000000000 0xffffffffffffffff

Linker script and memory map

Address of section .text set to 0x0
LOAD boot_slave.o
LOAD kernel_slave.o
LOAD modules/utils.o
LOAD modules/packet.o
LOAD modules/pending_service.o
LOAD modules/communication.o
LOAD modules/task_control.o
LOAD modules/task_location.o
LOAD modules/task_migration.o
LOAD modules/local_scheduler.o
LOAD modules/seek.o
LOAD modules/control_messages_fifo.o
LOAD modules/csiphash.o
LOAD modules/lfsr.o
LOAD modules/osz_slave.o
LOAD ../include/kernel_pkg.o
                0x0000000000400000                PROVIDE (__executable_start, 0x400000)
                0x0000000000400000                . = 0x400000

.interp
 *(.interp)

.reginfo        0x0000000000400000       0x18
 *(.reginfo)
 .reginfo       0x0000000000400000       0x18 boot_slave.o

.dynamic
 *(.dynamic)

.hash
 *(.hash)

.dynsym
 *(.dynsym)

.dynstr
 *(.dynstr)

.gnu.version
 *(.gnu.version)

.gnu.version_d
 *(.gnu.version_d)

.gnu.version_r
 *(.gnu.version_r)

.rel.init
 *(.rel.init)

.rela.init
 *(.rela.init)

.rel.text
 *(.rel.text .rel.text.* .rel.gnu.linkonce.t.*)

.rela.text
 *(.rela.text .rela.text.* .rela.gnu.linkonce.t.*)

.rel.fini
 *(.rel.fini)

.rela.fini
 *(.rela.fini)

.rel.rodata
 *(.rel.rodata .rel.rodata.* .rel.gnu.linkonce.r.*)

.rela.rodata
 *(.rela.rodata .rela.rodata.* .rela.gnu.linkonce.r.*)

.rel.data.rel.ro
 *(.rel.data.rel.ro* .rel.gnu.linkonce.d.rel.ro.*)

.rela.data.rel.ro
 *(.rela.data.rel.ro* .rela.gnu.linkonce.d.rel.ro.*)

.rel.data
 *(.rel.data .rel.data.* .rel.gnu.linkonce.d.*)

.rela.data
 *(.rela.data .rela.data.* .rela.gnu.linkonce.d.*)

.rel.tdata
 *(.rel.tdata .rel.tdata.* .rel.gnu.linkonce.td.*)

.rela.tdata
 *(.rela.tdata .rela.tdata.* .rela.gnu.linkonce.td.*)

.rel.tbss
 *(.rel.tbss .rel.tbss.* .rel.gnu.linkonce.tb.*)

.rela.tbss
 *(.rela.tbss .rela.tbss.* .rela.gnu.linkonce.tb.*)

.rel.ctors
 *(.rel.ctors)

.rela.ctors
 *(.rela.ctors)

.rel.dtors
 *(.rel.dtors)

.rela.dtors
 *(.rela.dtors)

.rel.got
 *(.rel.got)

.rela.got
 *(.rela.got)

.rel.sdata
 *(.rel.sdata .rel.sdata.* .rel.gnu.linkonce.s.*)

.rela.sdata
 *(.rela.sdata .rela.sdata.* .rela.gnu.linkonce.s.*)

.rel.sbss
 *(.rel.sbss .rel.sbss.* .rel.gnu.linkonce.sb.*)

.rela.sbss
 *(.rela.sbss .rela.sbss.* .rela.gnu.linkonce.sb.*)

.rel.sdata2
 *(.rel.sdata2 .rel.sdata2.* .rel.gnu.linkonce.s2.*)

.rela.sdata2
 *(.rela.sdata2 .rela.sdata2.* .rela.gnu.linkonce.s2.*)

.rel.sbss2
 *(.rel.sbss2 .rel.sbss2.* .rel.gnu.linkonce.sb2.*)

.rela.sbss2
 *(.rela.sbss2 .rela.sbss2.* .rela.gnu.linkonce.sb2.*)

.rel.bss
 *(.rel.bss .rel.bss.* .rel.gnu.linkonce.b.*)

.rela.bss
 *(.rela.bss .rela.bss.* .rela.gnu.linkonce.b.*)

.rel.plt
 *(.rel.plt)

.rela.plt
 *(.rela.plt)

.init
 *(.init)

.plt
 *(.plt)

.text           0x0000000000000000     0x9a54
                0x0000000000000000                _ftext = .
 *(.text .stub .text.* .gnu.linkonce.t.*)
 .text          0x0000000000000000      0x28c boot_slave.o
                0x0000000000000000                entry
                0x0000000000000268                ASM_SetInterruptEnable
                0x000000000000019c                ASM_SaveRemainingContext
                0x00000000000001d0                ASM_RunScheduledTask
                0x0000000000000274                read_inst
 .text          0x000000000000028c     0x2120 kernel_slave.o
                0x0000000000000338                get_cluster_ID
                0x0000000000001c18                send_dull_packet
                0x00000000000002fc                OS_InterruptMaskSet
                0x0000000000000ec8                handle_packet
                0x00000000000005f4                SeekInterruptHandler
                0x000000000000028c                write_local_msg_to_task
                0x0000000000000518                send_task_allocated
                0x00000000000022f0                send_task_terminated
                0x0000000000001a00                OS_InterruptServiceRoutine
                0x0000000000000dac                Scheduler
                0x0000000000001c7c                Syscall
                0x000000000000198c                send_slack_time_report
                0x00000000000003e8                main
                0x00000000000018f4                Aplly_LSFR
                0x000000000000031c                OS_Idle
                0x00000000000002dc                OS_InterruptMaskClear
                0x0000000000002254                send_task_real_time_change
 .text          0x00000000000023ac      0x4f8 modules/utils.o
                0x0000000000002864                strcpy
                0x00000000000024e4                itoh
                0x00000000000023c8                itoa
                0x00000000000023b8                get_net_address
                0x00000000000025b4                add
                0x00000000000025f0                fixetoa
                0x0000000000002588                rand
                0x00000000000025c4                memset
                0x00000000000023ac                set_net_address
                0x0000000000002884                strlen
                0x0000000000002570                abs
                0x00000000000025bc                sub
 .text          0x00000000000028a4      0x9c0 modules/packet.o
                0x0000000000002c48                read_packet
                0x0000000000003004                send_packet
                0x00000000000028f0                init_service_header_slots
                0x0000000000002be8                peripheral_connected_to_PE
                0x0000000000002ab4                find_io_peripheral
                0x0000000000002b2c                find_peripheral_at_line_column
                0x0000000000002d00                send_packet_io
                0x00000000000029c4                get_last_hop
                0x00000000000028a4                get_service_header_slot
                0x000000000000297c                DMNI_send_data
                0x0000000000002908                DMNI_read_data
 .text          0x0000000000003264      0x184 modules/pending_service.o
                0x0000000000003358                get_next_pending_service
                0x0000000000003264                add_pending_service
 .text          0x00000000000033e8     0x11e0 modules/communication.o
                0x0000000000003d54                remove_prod_requested_msgs
                0x0000000000003a48                add_PIPE
                0x0000000000003df8                remove_cons_requested_msgs
                0x00000000000035a8                print_msg_req
                0x0000000000003ee0                send_peripheral_SR_path
                0x0000000000003bb4                insert_message_request
                0x0000000000003d00                update_msg_request_table
                0x000000000000415c                send_message_request_
                0x0000000000003744                search_PIPE_producer
                0x0000000000004440                remove_msg_request
                0x000000000000354c                update_msg_request_migration
                0x0000000000003c30                search_message_request
                0x000000000000435c                resend_msg_request
                0x0000000000003438                initFTStructs
                0x00000000000037e8                remove_PIPE
                0x00000000000040d0                send_message_io
                0x000000000000369c                print_pipe_status
                0x0000000000003914                remove_PIPE_by_producer
                0x0000000000004280                resend_messages
                0x0000000000004200                send_message_delivery
                0x00000000000037a0                PIPE_msg_number
                0x0000000000003454                add_msg_request
                0x0000000000003a08                get_PIPE_free_position
                0x0000000000003c84                remove_message_request
                0x0000000000004044                send_io_request
                0x0000000000003e80                remove_last_msg_waiting_ack
                0x00000000000034d4                add_msg_request_migration
                0x00000000000033e8                init_communication
 .text          0x00000000000045c8      0x4e8 modules/task_control.o
                0x0000000000004650                is_another_task_running
                0x00000000000045c8                search_free_TCB
                0x0000000000004a58                init_TCBs
                0x00000000000046d8                clear_all_memory_areas
                0x0000000000004814                freeze_tasks_of_cluster
                0x000000000000484c                unfreeze_tasks_of_cluster
                0x00000000000048b4                unfreeze_tasks_of_App
                0x000000000000462c                get_tcb_index_ptr
                0x0000000000004604                searchTCB
                0x000000000000468c                unblock_tasks_of_App
                0x00000000000048e8                freeze_tasks_of_App
                0x00000000000049d4                print_task
 .text          0x0000000000004ab0      0x1c8 modules/task_location.o
                0x0000000000004b24                add_task_location
                0x0000000000004b7c                change_task_location
                0x0000000000004ab0                init_task_location
                0x0000000000004bbc                remove_task_location
                0x0000000000004c20                clear_app_tasks_locations
                0x0000000000004ae0                get_task_location
 .text          0x0000000000004c78      0xf34 modules/task_migration.o
                0x0000000000005394                send_update_task_location
                0x0000000000005338                migrate_CODE
                0x0000000000005474                handle_migration_DATA_BSS
                0x0000000000004c78                handle_migration_stack
                0x0000000000004cc4                handle_migration_TCB
                0x0000000000004dd4                handle_consumer_migration_request_msg
                0x0000000000005518                migrate_dynamic_memory
                0x0000000000004d5c                handle_migration_code
                0x0000000000005118                print_locations
                0x00000000000058d8                handle_task_migration
                0x0000000000005418                send_task_migrated
                0x0000000000004d90                handle_migration_PIPE
                0x0000000000004f84                handle_producer_migration_request_msg
                0x00000000000051c4                handle_migration_task_location
                0x0000000000005a04                handle_migration
 .text          0x0000000000005bac      0x73c modules/local_scheduler.o
                0x0000000000005cf8                round_robin
                0x0000000000005d2c                dynamic_slice_time
                0x0000000000005bac                get_time_slice
                0x0000000000005c24                real_time_task
                0x0000000000005f08                clear_scheduling
                0x0000000000005bec                update_slack_time
                0x0000000000005fa4                LST
                0x0000000000005bbc                init_scheduling_ptr
                0x0000000000005dcc                update_real_time
 .text          0x00000000000062e8      0xc60 modules/seek.o
                0x0000000000006a50                adjust_backtrack_IO
                0x0000000000006640                ProcessTurns
                0x00000000000062e8                initSRstructs
                0x00000000000063b0                SearchSourceRoutingDestination
                0x0000000000006a48                printGray
                0x0000000000006e7c                print_SR_Table
                0x00000000000063fc                ClearSlotSourceRouting
                0x0000000000006324                GetFreeSlotSourceRouting
                0x00000000000064ac                print_port
                0x00000000000065ac                Seek
                0x0000000000006460                ClearAllSourceRouting
 .text          0x0000000000006f48      0x728 modules/control_messages_fifo.o
                0x0000000000006fc8                insert_CM_FIFO
                0x00000000000073f0                initialize_CM_FIFO
                0x0000000000006f48                search_Service
                0x00000000000074f0                resend_control_message
                0x0000000000007418                print_CM_FIFO
                0x0000000000007344                search_Target
                0x00000000000072e4                get_CM_IO_service
                0x00000000000072b8                get_CM_peripheral_ID
 .text          0x0000000000007670      0xd70 modules/csiphash.o
                0x000000000000775c                siphash24
                0x0000000000007670                le64toh
 .text          0x00000000000083e0       0xdc modules/lfsr.o
                0x0000000000008458                GLFSR_next
                0x00000000000083e0                GLFSR_init
 .text          0x00000000000084bc     0x1598 modules/osz_slave.o
                0x000000000000880c                copyService
                0x0000000000009278                send_message_request_control
                0x000000000000870c                clearServiceSlot
                0x0000000000008cbc                send_wrapper_open_forward
                0x0000000000008660                getMessageSlot
                0x0000000000008d90                send_wrapper_close_forward
                0x00000000000098a4                Set_Secure_Zone
                0x0000000000009034                open_wrapper_IO_SZ
                0x00000000000088dc                find_SZ_position_and_direction_to_IO
                0x00000000000084bc                findBlankSession
                0x00000000000086b0                clearMessageSlot
                0x0000000000008554                checkSessionCode
                0x0000000000009540                printSessions
                0x0000000000008504                checkSession
                0x0000000000008880                checkWaitingServices
                0x00000000000086bc                getServiceSlot
                0x00000000000093b8                send_message_delivery_control
                0x00000000000091a0                timeoutMonitor
                0x00000000000085e0                initSessions
                0x000000000000963c                Unset_Secure_Zone
                0x0000000000009440                printSessionStatus
                0x00000000000087bc                checkRunningSession
                0x0000000000008714                createSession
                0x0000000000008598                clearSession
                0x0000000000008ea8                send_wrapper_close_back__open_forward
 .text          0x0000000000009a54        0x0 ../include/kernel_pkg.o
 *(.text.*personality*)
 *(.gnu.warning)
 *(.mips16.fn.*)
 *(.mips16.call.*)

.fini
 *(.fini)
                0x0000000000009a54                PROVIDE (__etext, .)
                0x0000000000009a54                PROVIDE (_etext, .)
                0x0000000000009a54                PROVIDE (etext, .)

.rodata         0x0000000000009a54      0xc30
 *(.rodata .rodata.* .gnu.linkonce.r.*)
 .rodata.str1.4
                0x0000000000009a54      0x3e5 kernel_slave.o
                                        0x3f0 (size before relaxing)
 *fill*         0x0000000000009e39        0x3 00
 .rodata        0x0000000000009e3c       0xb0 kernel_slave.o
 .rodata.str1.4
                0x0000000000009eec       0x36 modules/packet.o
                                         0x54 (size before relaxing)
 *fill*         0x0000000000009f22        0x2 00
 .rodata.str1.4
                0x0000000000009f24       0x22 modules/pending_service.o
                                         0x24 (size before relaxing)
 *fill*         0x0000000000009f46        0x2 00
 .rodata.str1.4
                0x0000000000009f48       0xc7 modules/communication.o
                                         0xcc (size before relaxing)
 *fill*         0x000000000000a00f        0x1 00
 .rodata.str1.4
                0x000000000000a010       0x59 modules/task_control.o
                                         0x60 (size before relaxing)
 *fill*         0x000000000000a069        0x3 00
 .rodata.str1.4
                0x000000000000a06c       0x42 modules/task_location.o
                                         0x44 (size before relaxing)
 *fill*         0x000000000000a0ae        0x2 00
 .rodata.str1.4
                0x000000000000a0b0      0x298 modules/task_migration.o
                                        0x29c (size before relaxing)
 .rodata        0x000000000000a348       0x60 modules/task_migration.o
 .rodata.str1.4
                0x000000000000a3a8       0x25 modules/local_scheduler.o
                                         0x2c (size before relaxing)
 *fill*         0x000000000000a3cd        0x3 00
 .rodata.str1.4
                0x000000000000a3d0       0x8b modules/seek.o
                                         0xac (size before relaxing)
 *fill*         0x000000000000a45b        0x1 00
 .rodata        0x000000000000a45c       0x20 modules/seek.o
 .rodata.str1.4
                0x000000000000a47c       0xb5 modules/control_messages_fifo.o
                                         0xc4 (size before relaxing)
 *fill*         0x000000000000a531        0x3 00
 .rodata        0x000000000000a534       0x20 modules/csiphash.o
 .rodata.str1.4
                0x000000000000a554      0x130 modules/osz_slave.o
                                        0x134 (size before relaxing)

.rodata1
 *(.rodata1)

.sdata2
 *(.sdata2 .sdata2.* .gnu.linkonce.s2.*)

.sbss2
 *(.sbss2 .sbss2.* .gnu.linkonce.sb2.*)

.eh_frame_hdr
 *(.eh_frame_hdr)

.eh_frame
 *(.eh_frame)

.gcc_except_table
 *(.gcc_except_table .gcc_except_table.*)
                0x000000000000a684                . = .

.eh_frame
 *(.eh_frame)

.gcc_except_table
 *(.gcc_except_table .gcc_except_table.*)

.tdata
 *(.tdata .tdata.* .gnu.linkonce.td.*)

.tbss
 *(.tbss .tbss.* .gnu.linkonce.tb.*)
 *(.tcommon)

.preinit_array  0x000000000000a684        0x0
                0x000000000000a684                PROVIDE (__preinit_array_start, .)
 *(.preinit_array)
                0x000000000000a684                PROVIDE (__preinit_array_end, .)

.init_array     0x000000000000a684        0x0
                0x000000000000a684                PROVIDE (__init_array_start, .)
 *(SORT(.init_array.*))
 *(.init_array)
                0x000000000000a684                PROVIDE (__init_array_end, .)

.fini_array     0x000000000000a684        0x0
                0x000000000000a684                PROVIDE (__fini_array_start, .)
 *(.fini_array)
 *(SORT(.fini_array.*))
                0x000000000000a684                PROVIDE (__fini_array_end, .)

.ctors
 *crtbegin*.o(.ctors)
 *(EXCLUDE_FILE(*crtend*.o) .ctors)
 *(SORT(.ctors.*))
 *(.ctors)

.dtors
 *crtbegin*.o(.dtors)
 *(EXCLUDE_FILE(*crtend*.o) .dtors)
 *(SORT(.dtors.*))
 *(.dtors)

.jcr
 *(.jcr)

.data.rel.ro
 *(.data.rel.ro.local* .gnu.linkonce.d.rel.ro.local.*)
 *(.data.rel.ro* .gnu.linkonce.d.rel.ro.*)

.data           0x000000000000a684       0xd0
                0x000000000000a684                _fdata = .
 *(.data .data.* .gnu.linkonce.d.*)
 .data          0x000000000000a684        0x0 boot_slave.o
 .data          0x000000000000a684        0x4 kernel_slave.o
 .data          0x000000000000a688        0x0 modules/utils.o
 .data          0x000000000000a688        0x8 modules/packet.o
                0x000000000000a688                LOCAL_left_low_corner
                0x000000000000a68c                LOCAL_right_high_corner
 .data          0x000000000000a690        0x0 modules/pending_service.o
 .data          0x000000000000a690        0x4 modules/communication.o
                0x000000000000a690                pipe_free_positions
 .data          0x000000000000a694        0x0 modules/task_control.o
 .data          0x000000000000a694        0x0 modules/task_location.o
 .data          0x000000000000a694        0x0 modules/task_migration.o
 .data          0x000000000000a694        0x4 modules/local_scheduler.o
                0x000000000000a694                schedule_overhead
 .data          0x000000000000a698        0x0 modules/seek.o
 .data          0x000000000000a698        0x0 modules/control_messages_fifo.o
 .data          0x000000000000a698        0x0 modules/csiphash.o
 .data          0x000000000000a698        0x0 modules/lfsr.o
 .data          0x000000000000a698        0x0 modules/osz_slave.o
 .data          0x000000000000a698       0xbc ../include/kernel_pkg.o
                0x000000000000a6f4                static_map
                0x000000000000a698                cluster_info
                0x000000000000a6b4                io_info
 *(.gnu.linkonce.d.*personality*)

.data1
 *(.data1)
                0x000000000000a754                . = .
                0x0000000000012750                _gp = (ALIGN (0x10) + 0x7ff0)

.got
 *(.got.plt)
 *(.got)

.sdata
 *(.sdata .sdata.* .gnu.linkonce.s.*)

.lit8
 *(.lit8)

.lit4
 *(.lit4)
                0x000000000000a754                _edata = .
                0x000000000000a754                PROVIDE (edata, .)
                0x000000000000a754                __bss_start = .
                0x000000000000a754                _fbss = .

.sbss           0x000000000000a754       0x6c
 *(.dynsbss)
 *(.sbss .sbss.* .gnu.linkonce.sb.*)
 *(.scommon)
 .scommon       0x000000000000a754       0x3c kernel_slave.o
                0x000000000000a754                tInit
                0x000000000000a758                auxIndex
                0x000000000000a75c                cluster_master_address
                0x000000000000a760                auxSlot
                0x000000000000a764                auxCode
                0x000000000000a768                total_slack_time
                0x000000000000a76c                recptIndex
                0x000000000000a770                net_address
                0x000000000000a774                current
                0x000000000000a778                slot_seek
                0x000000000000a77c                auxTime
                0x000000000000a780                tEnd
                0x000000000000a784                last_idle_time
                0x000000000000a788                schedule_after_syscall
                0x000000000000a78c                auxSession
 .scommon       0x000000000000a790        0x0 modules/utils.o
 .scommon       0x000000000000a790        0x0 modules/packet.o
 .scommon       0x000000000000a790        0x0 modules/pending_service.o
 .scommon       0x000000000000a790        0x0 modules/communication.o
 .scommon       0x000000000000a790        0x0 modules/task_migration.o
 .scommon       0x000000000000a790        0x8 modules/local_scheduler.o
                0x000000000000a790                time_slice
                0x000000000000a794                instant_overhead
 .scommon       0x000000000000a798        0x4 modules/seek.o
                0x000000000000a798                net_addr
 .scommon       0x000000000000a79c        0x0 modules/control_messages_fifo.o
 .scommon       0x000000000000a79c       0x24 modules/osz_slave.o
                0x000000000000a79c                port_go
                0x000000000000a7a0                address_back
                0x000000000000a7a4                slave_candidate_my_cluster
                0x000000000000a7a8                ward_master
                0x000000000000a7b0                port_back
                0x000000000000a7b4                address_go
                0x000000000000a7b8                master_other_cluster

.bss            0x000000000000a7c0     0x96e4
 *(.dynbss)
 *(.bss .bss.* .gnu.linkonce.b.*)
 .bss           0x000000000000a7c0        0x0 boot_slave.o
 .bss           0x000000000000a7c0        0x4 kernel_slave.o
 .bss           0x000000000000a7c4       0x44 modules/utils.o
 .bss           0x000000000000a808        0x4 modules/packet.o
                0x000000000000a808                global_inst
 .bss           0x000000000000a80c        0xc modules/pending_service.o
                0x000000000000a810                pending_service_last
                0x000000000000a814                add_fifo
                0x000000000000a80c                pending_service_first
 .bss           0x000000000000a818        0x0 modules/communication.o
 .bss           0x000000000000a818        0x0 modules/task_control.o
 .bss           0x000000000000a818        0x0 modules/task_location.o
 .bss           0x000000000000a818        0x0 modules/task_migration.o
 .bss           0x000000000000a818        0x8 modules/local_scheduler.o
                0x000000000000a818                cpu_utilization
 .bss           0x000000000000a820        0x0 modules/seek.o
 .bss           0x000000000000a820        0x4 modules/control_messages_fifo.o
 .bss           0x000000000000a824        0x0 modules/csiphash.o
 .bss           0x000000000000a824        0x0 modules/lfsr.o
 .bss           0x000000000000a824        0x4 modules/osz_slave.o
                0x000000000000a824                wrapper_value
 .bss           0x000000000000a828        0x0 ../include/kernel_pkg.o
 *(COMMON)
 COMMON         0x000000000000a828     0x2250 kernel_slave.o
                0x000000000000a828                waitingServices
                0x000000000000af08                Sessions
                0x000000000000b328                glfsr_c0
                0x000000000000b340                fifo_seek
                0x000000000000b390                glfsr_d0
                0x000000000000b3a8                idle_tcb
                0x000000000000b44c                waitingMessages
                0x000000000000c874                msg_write_pipe
 COMMON         0x000000000000ca78      0x168 modules/packet.o
                0x000000000000ca78                sh_slot2
                0x000000000000cb2c                sh_slot1
 COMMON         0x000000000000cbe0      0xdc0 modules/pending_service.o
                0x000000000000cbe0                pending_services_FIFO
 COMMON         0x000000000000d9a0     0x1794 modules/communication.o
                0x000000000000d9a0                pipe
                0x000000000000f07c                msg_request
                0x000000000000f0a4                message_request
 COMMON         0x000000000000f134       0xa4 modules/task_control.o
                0x000000000000f134                tcbs
 COMMON         0x000000000000f1d8       0xc0 modules/task_location.o
                0x000000000000f1d8                task_location
 COMMON         0x000000000000f298       0x2c modules/local_scheduler.o
                0x000000000000f298                scheduling
 COMMON         0x000000000000f2c4     0x3cf0 modules/seek.o
                0x000000000000f2c4                SR_Table
 COMMON         0x0000000000012fb4      0xbc0 modules/control_messages_fifo.o
                0x0000000000012fb4                CMFifo
 COMMON         0x0000000000013b74      0x330 modules/osz_slave.o
                0x0000000000013b74                ward_pairs
                0x0000000000013e94                slave_candidate_other_cluster
                0x0000000000013ea4                . = ALIGN ((. != 0x0)?0x4:0x1)
                0x0000000000013ea4                . = ALIGN (0x4)
                0x0000000000013ea4                . = ALIGN (0x4)
                0x0000000000013ea4                _end = .
                0x0000000000013ea4                PROVIDE (end, .)

.stab
 *(.stab)

.stabstr
 *(.stabstr)

.stab.excl
 *(.stab.excl)

.stab.exclstr
 *(.stab.exclstr)

.stab.index
 *(.stab.index)

.stab.indexstr
 *(.stab.indexstr)

.comment        0x0000000000000000      0x10e
 *(.comment)
 .comment       0x0000000000000000       0x12 kernel_slave.o
 .comment       0x0000000000000012       0x12 modules/utils.o
 .comment       0x0000000000000024       0x12 modules/packet.o
 .comment       0x0000000000000036       0x12 modules/pending_service.o
 .comment       0x0000000000000048       0x12 modules/communication.o
 .comment       0x000000000000005a       0x12 modules/task_control.o
 .comment       0x000000000000006c       0x12 modules/task_location.o
 .comment       0x000000000000007e       0x12 modules/task_migration.o
 .comment       0x0000000000000090       0x12 modules/local_scheduler.o
 .comment       0x00000000000000a2       0x12 modules/seek.o
 .comment       0x00000000000000b4       0x12 modules/control_messages_fifo.o
 .comment       0x00000000000000c6       0x12 modules/csiphash.o
 .comment       0x00000000000000d8       0x12 modules/lfsr.o
 .comment       0x00000000000000ea       0x12 modules/osz_slave.o
 .comment       0x00000000000000fc       0x12 ../include/kernel_pkg.o

.debug
 *(.debug)

.line
 *(.line)

.debug_srcinfo
 *(.debug_srcinfo)

.debug_sfnames
 *(.debug_sfnames)

.debug_aranges
 *(.debug_aranges)

.debug_pubnames
 *(.debug_pubnames)

.debug_info
 *(.debug_info .gnu.linkonce.wi.*)

.debug_abbrev
 *(.debug_abbrev)

.debug_line
 *(.debug_line)

.debug_frame
 *(.debug_frame)

.debug_str
 *(.debug_str)

.debug_loc
 *(.debug_loc)

.debug_macinfo
 *(.debug_macinfo)

.debug_weaknames
 *(.debug_weaknames)

.debug_funcnames
 *(.debug_funcnames)

.debug_typenames
 *(.debug_typenames)

.debug_varnames
 *(.debug_varnames)

.gptab.sdata
 *(.gptab.data)
 *(.gptab.sdata)

.gptab.sbss
 *(.gptab.bss)
 *(.gptab.sbss)

.mdebug.abi32   0x000000000000010e        0x0
 *(.mdebug.abi32)
 .mdebug.abi32  0x000000000000010e        0x0 kernel_slave.o
 .mdebug.abi32  0x000000000000010e        0x0 modules/utils.o
 .mdebug.abi32  0x000000000000010e        0x0 modules/packet.o
 .mdebug.abi32  0x000000000000010e        0x0 modules/pending_service.o
 .mdebug.abi32  0x000000000000010e        0x0 modules/communication.o
 .mdebug.abi32  0x000000000000010e        0x0 modules/task_control.o
 .mdebug.abi32  0x000000000000010e        0x0 modules/task_location.o
 .mdebug.abi32  0x000000000000010e        0x0 modules/task_migration.o
 .mdebug.abi32  0x000000000000010e        0x0 modules/local_scheduler.o
 .mdebug.abi32  0x000000000000010e        0x0 modules/seek.o
 .mdebug.abi32  0x000000000000010e        0x0 modules/control_messages_fifo.o
 .mdebug.abi32  0x000000000000010e        0x0 modules/csiphash.o
 .mdebug.abi32  0x000000000000010e        0x0 modules/lfsr.o
 .mdebug.abi32  0x000000000000010e        0x0 modules/osz_slave.o
 .mdebug.abi32  0x000000000000010e        0x0 ../include/kernel_pkg.o

.mdebug.abiN32
 *(.mdebug.abiN32)

.mdebug.abi64
 *(.mdebug.abi64)

.mdebug.abiO64
 *(.mdebug.abiO64)

.mdebug.eabi32
 *(.mdebug.eabi32)

.mdebug.eabi64
 *(.mdebug.eabi64)

.gcc_compiled_long32
 *(.gcc_compiled_long32)

.gcc_compiled_long64
 *(.gcc_compiled_long64)

/DISCARD/
 *(.note.GNU-stack)
OUTPUT(kernel_slave.bin elf32-bigmips)

.pdr            0x0000000000000000     0x14a0
 .pdr           0x0000000000000000       0xa0 boot_slave.o
 .pdr           0x00000000000000a0      0x220 kernel_slave.o
 .pdr           0x00000000000002c0      0x180 modules/utils.o
 .pdr           0x0000000000000440      0x160 modules/packet.o
 .pdr           0x00000000000005a0       0x40 modules/pending_service.o
 .pdr           0x00000000000005e0      0x380 modules/communication.o
 .pdr           0x0000000000000960      0x180 modules/task_control.o
 .pdr           0x0000000000000ae0       0xc0 modules/task_location.o
 .pdr           0x0000000000000ba0      0x1e0 modules/task_migration.o
 .pdr           0x0000000000000d80      0x120 modules/local_scheduler.o
 .pdr           0x0000000000000ea0      0x160 modules/seek.o
 .pdr           0x0000000000001000      0x100 modules/control_messages_fifo.o
 .pdr           0x0000000000001100       0x40 modules/csiphash.o
 .pdr           0x0000000000001140       0x40 modules/lfsr.o
 .pdr           0x0000000000001180      0x320 modules/osz_slave.o
 .pdr           0x00000000000014a0        0x0 ../include/kernel_pkg.o
