
Allocating common symbols
Common symbol       size              file

CMFifo              0xbc0             modules/control_messages_fifo.o
tInit               0x4               kernel_master.o
waitingServices     0x6e0             kernel_master.o
auxIndex            0x4               kernel_master.o
Sessions            0x420             kernel_master.o
glfsr_c0            0x18              kernel_master.o
is_global_master    0x1               kernel_master.o
ward_pairs          0x320             modules/processors.o
shapes              0x1a0             kernel_master.o
processors          0x190             kernel_master.o
auxSlot             0x4               kernel_master.o
applications        0x6cf4            kernel_master.o
auxCode             0x4               kernel_master.o
net_addr            0x4               modules/seek.o
terminated_task_master
                    0x30              kernel_master.o
reclustering        0x1c              modules/reclustering.o
fifo_seek           0x50              kernel_master.o
glfsr_d0            0x18              kernel_master.o
waitingMessages     0x1428            kernel_master.o
recptIndex          0x4               kernel_master.o
net_address         0x4               modules/utils.o
port_go             0x4               modules/osz_master.o
starting_y_cluster_size
                    0x4               modules/reclustering.o
slave_candidate_other_cluster
                    0x10              modules/processors.o
SR_Table            0x3cf0            modules/seek.o
address_back        0x4               modules/osz_master.o
Secure_Zone         0x1a0             kernel_master.o
sh_slot2            0xb4              modules/packet.o
slave_candidate_my_cluster
                    0x4               modules/processors.o
migration_list      0xa0              kernel_master.o
global_master_address
                    0x4               kernel_master.o
slot_seek           0x4               kernel_master.o
auxTime             0x4               kernel_master.o
tEnd                0x4               kernel_master.o
pending_new_task    0x4               kernel_master.o
ward_master         0x8               modules/processors.o
sh_slot1            0xb4              modules/packet.o
port_back           0x4               modules/osz_master.o
auxSession          0x4               kernel_master.o
address_go          0x4               modules/osz_master.o
master_other_cluster
                    0x8               modules/processors.o
cluster_load        0x4               kernel_master.o
shape_index         0x4               kernel_master.o
starting_x_cluster_size
                    0x4               modules/reclustering.o
clusterID           0x4               modules/reclustering.o
new_task_list       0x104             modules/new_task.o

Discarded input sections

 .reginfo       0x0000000000000000        0x0 kernel_master.o
 .reginfo       0x0000000000000000        0x0 modules/utils.o
 .reginfo       0x0000000000000000        0x0 modules/packet.o
 .reginfo       0x0000000000000000        0x0 modules/applications.o
 .reginfo       0x0000000000000000        0x0 modules/reclustering.o
 .reginfo       0x0000000000000000        0x0 modules/new_task.o
 .reginfo       0x0000000000000000        0x0 modules/processors.o
 .reginfo       0x0000000000000000        0x0 modules/cluster_scheduler.o
 .reginfo       0x0000000000000000        0x0 modules/seek.o
 .reginfo       0x0000000000000000        0x0 modules/define_pairs.o
 .reginfo       0x0000000000000000        0x0 modules/control_messages_fifo.o
 .reginfo       0x0000000000000000        0x0 modules/csiphash.o
 .reginfo       0x0000000000000000        0x0 modules/lfsr.o
 .reginfo       0x0000000000000000        0x0 modules/osz_master.o
 .got           0x0000000000000000        0x0 modules/osz_master.o
 .reginfo       0x0000000000000000        0x0 ../include/kernel_pkg.o

Memory Configuration

Name             Origin             Length             Attributes
*default*        0x0000000000000000 0xffffffffffffffff

Linker script and memory map

Address of section .text set to 0x0
LOAD boot_master.o
LOAD kernel_master.o
LOAD modules/utils.o
LOAD modules/packet.o
LOAD modules/applications.o
LOAD modules/reclustering.o
LOAD modules/new_task.o
LOAD modules/processors.o
LOAD modules/cluster_scheduler.o
LOAD modules/seek.o
LOAD modules/define_pairs.o
LOAD modules/control_messages_fifo.o
LOAD modules/csiphash.o
LOAD modules/lfsr.o
LOAD modules/osz_master.o
LOAD ../include/kernel_pkg.o
                0x0000000000400000                PROVIDE (__executable_start, 0x400000)
                0x0000000000400000                . = 0x400000

.interp
 *(.interp)

.reginfo        0x0000000000400000       0x18
 *(.reginfo)
 .reginfo       0x0000000000400000       0x18 boot_master.o

.dynamic
 *(.dynamic)

.hash
 *(.hash)

.dynsym
 *(.dynsym)

.dynstr
 *(.dynstr)

.gnu.version
 *(.gnu.version)

.gnu.version_d
 *(.gnu.version_d)

.gnu.version_r
 *(.gnu.version_r)

.rel.dyn        0x0000000000400018        0x0
 *(.rel.init)
 *(.rel.text .rel.text.* .rel.gnu.linkonce.t.*)
 *(.rel.fini)
 *(.rel.rodata .rel.rodata.* .rel.gnu.linkonce.r.*)
 *(.rel.data.rel.ro* .rel.gnu.linkonce.d.rel.ro.*)
 *(.rel.data .rel.data.* .rel.gnu.linkonce.d.*)
 *(.rel.tdata .rel.tdata.* .rel.gnu.linkonce.td.*)
 *(.rel.tbss .rel.tbss.* .rel.gnu.linkonce.tb.*)
 *(.rel.ctors)
 *(.rel.dtors)
 *(.rel.got)
 *(.rel.sdata .rel.sdata.* .rel.gnu.linkonce.s.*)
 *(.rel.sbss .rel.sbss.* .rel.gnu.linkonce.sb.*)
 *(.rel.sdata2 .rel.sdata2.* .rel.gnu.linkonce.s2.*)
 *(.rel.sbss2 .rel.sbss2.* .rel.gnu.linkonce.sb2.*)
 *(.rel.bss .rel.bss.* .rel.gnu.linkonce.b.*)
 .rel.dyn       0x0000000000000000        0x0 modules/osz_master.o

.rela.dyn
 *(.rela.init)
 *(.rela.text .rela.text.* .rela.gnu.linkonce.t.*)
 *(.rela.fini)
 *(.rela.rodata .rela.rodata.* .rela.gnu.linkonce.r.*)
 *(.rela.data .rela.data.* .rela.gnu.linkonce.d.*)
 *(.rela.tdata .rela.tdata.* .rela.gnu.linkonce.td.*)
 *(.rela.tbss .rela.tbss.* .rela.gnu.linkonce.tb.*)
 *(.rela.ctors)
 *(.rela.dtors)
 *(.rela.got)
 *(.rela.sdata .rela.sdata.* .rela.gnu.linkonce.s.*)
 *(.rela.sbss .rela.sbss.* .rela.gnu.linkonce.sb.*)
 *(.rela.sdata2 .rela.sdata2.* .rela.gnu.linkonce.s2.*)
 *(.rela.sbss2 .rela.sbss2.* .rela.gnu.linkonce.sb2.*)
 *(.rela.bss .rela.bss.* .rela.gnu.linkonce.b.*)

.rel.plt
 *(.rel.plt)

.rela.plt
 *(.rela.plt)

.init
 *(.init)

.plt
 *(.plt)

.text           0x0000000000000000     0x8abc
                0x0000000000000000                _ftext = .
 *(.text .stub .text.* .gnu.linkonce.t.*)
 .text          0x0000000000000000       0x18 boot_master.o
                0x0000000000000000                entry
 .text          0x0000000000000018     0x24c4 kernel_master.o
                0x0000000000001498                send_full_task_migration
                0x0000000000001ab0                handle_new_app
                0x0000000000001d44                handle_packet
                0x0000000000000894                SeekInterruptHandler
                0x0000000000000814                send_app_terminated
                0x0000000000000018                initialize_cluster_load
                0x0000000000000024                initialize_clusters
                0x0000000000000610                send_task_release
                0x0000000000000334                handle_app_terminated
                0x0000000000001894                request_application
                0x000000000000164c                request_task_of_application
                0x0000000000002270                handle_pending_application
                0x00000000000000b0                initialize_slaves
                0x00000000000022d0                main
                0x0000000000000520                send_tasks_location
                0x000000000000029c                Aplly_LSFR
                0x000000000000155c                send_app_allocation_map
                0x00000000000007b4                send_task_allocation
 .text          0x00000000000024dc      0x4f8 modules/utils.o
                0x0000000000002994                strcpy
                0x0000000000002614                itoh
                0x00000000000024f8                itoa
                0x00000000000024e8                get_net_address
                0x00000000000026e4                add
                0x0000000000002720                fixetoa
                0x00000000000026b8                rand
                0x00000000000026f4                memset
                0x00000000000024dc                set_net_address
                0x00000000000029b4                strlen
                0x00000000000026a0                abs
                0x00000000000026ec                sub
 .text          0x00000000000029d4      0x9c0 modules/packet.o
                0x0000000000002d78                read_packet
                0x0000000000003134                send_packet
                0x0000000000002a20                init_service_header_slots
                0x0000000000002d18                peripheral_connected_to_PE
                0x0000000000002be4                find_io_peripheral
                0x0000000000002c5c                find_peripheral_at_line_column
                0x0000000000002e30                send_packet_io
                0x0000000000002af4                get_last_hop
                0x00000000000029d4                get_service_header_slot
                0x0000000000002aac                DMNI_send_data
                0x0000000000002a38                DMNI_read_data
 .text          0x0000000000003394      0x714 modules/applications.o
                0x0000000000003584                get_task_ptr
                0x00000000000034ac                initialize_applications
                0x0000000000003678                get_application_ptr
                0x0000000000003704                remove_application
                0x0000000000003538                sub_migrations
                0x000000000000373c                read_and_create_application
                0x00000000000039e4                print_tasks_location
                0x00000000000039a8                set_task_migrating
                0x00000000000038d8                change_task_location_TCB
                0x000000000000395c                set_task_migrated
                0x0000000000003424                set_task_allocated
                0x0000000000003394                get_next_pending_app
                0x00000000000034ec                add_migrations
                0x000000000000362c                set_task_terminated
 .text          0x0000000000003aa8      0x57c modules/reclustering.o
                0x0000000000003fac                send_loan_proc_request
                0x0000000000003b0c                is_reclustering_NOT_active
                0x0000000000003be8                handle_reclustering
                0x0000000000003bf0                reclustering_next_task
                0x0000000000003c9c                handle_reclustering_release_from_seek
                0x0000000000003aa8                reclustering_setup
                0x0000000000003b1c                fires_reclustering_protocol
                0x0000000000003e48                handle_reclustering_request_from_seek
                0x0000000000003de4                send_loan_proc_delivery
                0x0000000000003d90                send_loan_proc_release
 .text          0x0000000000004024      0x120 modules/new_task.o
                0x00000000000040ec                get_next_new_task
                0x0000000000004050                add_new_task
                0x0000000000004024                init_new_task_list
 .text          0x0000000000004144      0xc38 modules/processors.o
                0x0000000000004378                proc_is_migrating
                0x0000000000004ca4                manage_SZ_migration
                0x00000000000045d8                search_processor
                0x000000000000472c                get_proc_slack_time
                0x00000000000041c8                add_processor
                0x0000000000004318                set_migration_list_status
                0x00000000000041a4                get_proc_address
                0x00000000000043c8                print_migrating_list
                0x0000000000004874                print_processors
                0x0000000000004774                update_proc_slack_time
                0x00000000000046b0                change_task
                0x0000000000004bc0                get_free_processor
                0x00000000000044b8                remove_from_migration_list
                0x0000000000004264                init_processors
                0x0000000000004144                search_free_processor
                0x00000000000049c0                remove_task
                0x00000000000042c0                get_task_id_FREEZING_in_migration_list
                0x0000000000004298                initialize_migration_list
                0x00000000000047b0                freeze_application
                0x000000000000468c                get_proc_free_pages
                0x0000000000004924                get_task_location
                0x000000000000421c                clear_free_page_processor
                0x0000000000004664                get_task_id_processor
                0x0000000000004aa8                add_task
 .text          0x0000000000004d7c      0x814 modules/cluster_scheduler.o
                0x0000000000004eac                get_cluster_index
                0x0000000000004de8                get_cluster_ID
                0x0000000000005070                map_task
                0x0000000000004f18                SearchCluster
                0x0000000000005000                new_master_candidate
                0x0000000000004d7c                allocate_cluster_resource
                0x0000000000004e28                get_master_address
                0x00000000000053d8                application_mapping
                0x00000000000053cc                page_used
                0x0000000000004dbc                release_cluster_resources
                0x000000000000553c                page_released
 .text          0x0000000000005590      0xc60 modules/seek.o
                0x0000000000005cf8                adjust_backtrack_IO
                0x00000000000058e8                ProcessTurns
                0x0000000000005590                initSRstructs
                0x0000000000005658                SearchSourceRoutingDestination
                0x0000000000005cf0                printGray
                0x0000000000006124                print_SR_Table
                0x00000000000056a4                ClearSlotSourceRouting
                0x00000000000055cc                GetFreeSlotSourceRouting
                0x0000000000005754                print_port
                0x0000000000005854                Seek
                0x0000000000005708                ClearAllSourceRouting
 .text          0x00000000000061f0      0x1e4 modules/define_pairs.o
                0x0000000000006318                get_slave_candidate_my_cluster
                0x0000000000006354                get_task0_candidate_other_cluster
                0x00000000000061f0                initialize_struct_pairs
                0x00000000000063c4                get_master_other_cluster
                0x0000000000006344                get_task_candidate_other_cluster
                0x00000000000063b8                set_master_other_cluster
                0x0000000000006334                get_slave_candidate_other_cluster
                0x0000000000006364                get_task1_candidate_other_cluster
                0x0000000000006260                define_pairs
                0x0000000000006328                set_slave_candidate_my_cluster
                0x0000000000006374                set_slave_candidate_other_cluster
 .text          0x00000000000063d4      0x728 modules/control_messages_fifo.o
                0x0000000000006454                insert_CM_FIFO
                0x000000000000687c                initialize_CM_FIFO
                0x00000000000063d4                search_Service
                0x000000000000697c                resend_control_message
                0x00000000000068a4                print_CM_FIFO
                0x00000000000067d0                search_Target
                0x0000000000006770                get_CM_IO_service
                0x0000000000006744                get_CM_peripheral_ID
 .text          0x0000000000006afc      0xd70 modules/csiphash.o
                0x0000000000006be8                siphash24
                0x0000000000006afc                le64toh
 .text          0x000000000000786c       0xdc modules/lfsr.o
                0x00000000000078e4                GLFSR_next
                0x000000000000786c                GLFSR_init
 .text          0x0000000000007948     0x1174 modules/osz_master.o
                0x0000000000007e78                set_RH_Address
                0x0000000000007970                get_static_SZ
                0x0000000000007ec0                get_AppID_with_RH_Address
                0x0000000000008688                set_SZ_migrations
                0x0000000000007d48                create_shapes
                0x0000000000007a84                create_valid_shapes
                0x0000000000008430                open_wrapper_IO_SZ
                0x00000000000081ac                search_shape_in_cluster
                0x000000000000804c                shape_recog
                0x0000000000008564                free_Secure_Zone
                0x0000000000007948                init_Secure_Zone
                0x0000000000007f6c                PE_belong_SZ
                0x00000000000089ac                print_shapes_found
                0x0000000000007f08                get_Secure_Zone_index
                0x0000000000008320                search_shape
                0x0000000000007e00                shapes_invert_order
                0x0000000000008900                alloc_Secure_Zone
 .text          0x0000000000008abc        0x0 ../include/kernel_pkg.o
 *(.text.*personality*)
 *(.gnu.warning)
 *(.mips16.fn.*)
 *(.mips16.call.*)

.fini
 *(.fini)
                0x0000000000008abc                PROVIDE (__etext, .)
                0x0000000000008abc                PROVIDE (_etext, .)
                0x0000000000008abc                PROVIDE (etext, .)

.rodata         0x0000000000008abc      0xcfc
 *(.rodata .rodata.* .gnu.linkonce.r.*)
 .rodata.str1.4
                0x0000000000008abc      0x643 kernel_master.o
                                        0x648 (size before relaxing)
 *fill*         0x00000000000090ff        0x1 00
 .rodata        0x0000000000009100       0x80 kernel_master.o
 .rodata.str1.4
                0x0000000000009180       0x53 modules/packet.o
                                         0x54 (size before relaxing)
 *fill*         0x00000000000091d3        0x1 00
 .rodata.str1.4
                0x00000000000091d4       0x8b modules/applications.o
                                         0x90 (size before relaxing)
 *fill*         0x000000000000925f        0x1 00
 .rodata.str1.4
                0x0000000000009260       0x1a modules/new_task.o
                                         0x1c (size before relaxing)
 *fill*         0x000000000000927a        0x2 00
 .rodata.str1.4
                0x000000000000927c      0x1f0 modules/processors.o
                                        0x214 (size before relaxing)
 .rodata.str1.4
                0x000000000000946c      0x13e modules/cluster_scheduler.o
                                        0x144 (size before relaxing)
 *fill*         0x00000000000095aa        0x2 00
 .rodata.str1.4
                0x00000000000095ac       0xa5 modules/seek.o
                                         0xac (size before relaxing)
 *fill*         0x0000000000009651        0x3 00
 .rodata        0x0000000000009654       0x20 modules/seek.o
 .rodata.str1.4
                0x0000000000009674       0xb5 modules/control_messages_fifo.o
                                         0xc4 (size before relaxing)
 *fill*         0x0000000000009729        0x3 00
 .rodata        0x000000000000972c       0x20 modules/csiphash.o
 .rodata.str1.4
                0x000000000000974c       0x68 modules/osz_master.o
                                         0x70 (size before relaxing)
 .rodata.cst4   0x00000000000097b4        0x4 modules/osz_master.o

.rodata1
 *(.rodata1)

.sdata2
 *(.sdata2 .sdata2.* .gnu.linkonce.s2.*)

.sbss2
 *(.sbss2 .sbss2.* .gnu.linkonce.sb2.*)

.eh_frame_hdr
 *(.eh_frame_hdr)

.eh_frame
 *(.eh_frame)

.gcc_except_table
 *(.gcc_except_table .gcc_except_table.*)
                0x00000000000097b8                . = (ALIGN (0x40000) - ((0x40000 - .) & 0x3ffff))
                0x00000000000497b8                . = (0x40000 DATA_SEGMENT_ALIGN 0x1000)

.eh_frame
 *(.eh_frame)

.gcc_except_table
 *(.gcc_except_table .gcc_except_table.*)

.tdata
 *(.tdata .tdata.* .gnu.linkonce.td.*)

.tbss
 *(.tbss .tbss.* .gnu.linkonce.tb.*)
 *(.tcommon)

.preinit_array  0x00000000000497b8        0x0
                0x00000000000497b8                PROVIDE (__preinit_array_start, .)
 *(.preinit_array)
                0x00000000000497b8                PROVIDE (__preinit_array_end, .)

.init_array     0x00000000000497b8        0x0
                0x00000000000497b8                PROVIDE (__init_array_start, .)
 *(SORT(.init_array.*))
 *(.init_array)
                0x00000000000497b8                PROVIDE (__init_array_end, .)

.fini_array     0x00000000000497b8        0x0
                0x00000000000497b8                PROVIDE (__fini_array_start, .)
 *(.fini_array)
 *(SORT(.fini_array.*))
                0x00000000000497b8                PROVIDE (__fini_array_end, .)

.ctors
 *crtbegin*.o(.ctors)
 *(EXCLUDE_FILE(*crtend*.o) .ctors)
 *(SORT(.ctors.*))
 *(.ctors)

.dtors
 *crtbegin*.o(.dtors)
 *(EXCLUDE_FILE(*crtend*.o) .dtors)
 *(SORT(.dtors.*))
 *(.dtors)

.jcr
 *(.jcr)

.data.rel.ro
 *(.data.rel.ro.local* .gnu.linkonce.d.rel.ro.local.*)
 *(.data.rel.ro* .gnu.linkonce.d.rel.ro.*)
                0x00000000000497b8                . = (. DATA_SEGMENT_RELRO_END 0x0)

.data           0x00000000000497b8       0xc8
                0x00000000000497b8                _fdata = .
 *(.data .data.* .gnu.linkonce.d.*)
 .data          0x00000000000497b8        0x0 boot_master.o
 .data          0x00000000000497b8        0x4 kernel_master.o
                0x00000000000497b8                total_mpsoc_resources
 .data          0x00000000000497bc        0x0 modules/utils.o
 .data          0x00000000000497bc        0x8 modules/packet.o
                0x00000000000497bc                LOCAL_left_low_corner
                0x00000000000497c0                LOCAL_right_high_corner
 .data          0x00000000000497c4        0x0 modules/applications.o
 .data          0x00000000000497c4        0x0 modules/reclustering.o
 .data          0x00000000000497c4        0x0 modules/new_task.o
 .data          0x00000000000497c4        0x0 modules/processors.o
 .data          0x00000000000497c4        0x0 modules/cluster_scheduler.o
 .data          0x00000000000497c4        0x0 modules/seek.o
 .data          0x00000000000497c4        0x0 modules/define_pairs.o
 .data          0x00000000000497c4        0x0 modules/control_messages_fifo.o
 .data          0x00000000000497c4        0x0 modules/csiphash.o
 .data          0x00000000000497c4        0x0 modules/lfsr.o
 .data          0x00000000000497c4        0x0 modules/osz_master.o
 .data          0x00000000000497c4       0xbc ../include/kernel_pkg.o
                0x0000000000049820                static_map
                0x00000000000497c4                cluster_info
                0x00000000000497e0                io_info
 *(.gnu.linkonce.d.*personality*)

.data1
 *(.data1)
                0x0000000000049880                . = .
                0x0000000000051870                _gp = (ALIGN (0x10) + 0x7ff0)

.got
 *(.got.plt)
 *(.got)

.sdata
 *(.sdata .sdata.* .gnu.linkonce.s.*)

.lit8
 *(.lit8)

.lit4
 *(.lit4)
                0x0000000000049880                _edata = .
                0x0000000000049880                PROVIDE (edata, .)
                0x0000000000049880                __bss_start = .
                0x0000000000049880                _fbss = .

.sbss           0x0000000000049880       0x70
 *(.dynsbss)
 *(.sbss .sbss.* .gnu.linkonce.sb.*)
 *(.scommon)
 .scommon       0x0000000000049880       0x38 kernel_master.o
                0x0000000000049880                tInit
                0x0000000000049884                auxIndex
                0x0000000000049888                is_global_master
                0x000000000004988c                auxSlot
                0x0000000000049890                auxCode
                0x0000000000049894                recptIndex
                0x0000000000049898                global_master_address
                0x000000000004989c                slot_seek
                0x00000000000498a0                auxTime
                0x00000000000498a4                tEnd
                0x00000000000498a8                pending_new_task
                0x00000000000498ac                auxSession
                0x00000000000498b0                cluster_load
                0x00000000000498b4                shape_index
 .scommon       0x00000000000498b8        0x4 modules/utils.o
                0x00000000000498b8                net_address
 .scommon       0x00000000000498bc        0x0 modules/packet.o
 .scommon       0x00000000000498bc        0xc modules/reclustering.o
                0x00000000000498bc                starting_y_cluster_size
                0x00000000000498c0                starting_x_cluster_size
                0x00000000000498c4                clusterID
 .scommon       0x00000000000498c8       0x14 modules/processors.o
                0x00000000000498c8                slave_candidate_my_cluster
                0x00000000000498cc                ward_master
                0x00000000000498d4                master_other_cluster
 .scommon       0x00000000000498dc        0x0 modules/cluster_scheduler.o
 .scommon       0x00000000000498dc        0x4 modules/seek.o
                0x00000000000498dc                net_addr
 .scommon       0x00000000000498e0        0x0 modules/define_pairs.o
 .scommon       0x00000000000498e0        0x0 modules/control_messages_fifo.o
 .scommon       0x00000000000498e0       0x10 modules/osz_master.o
                0x00000000000498e0                port_go
                0x00000000000498e4                address_back
                0x00000000000498e8                port_back
                0x00000000000498ec                address_go

.bss            0x00000000000498f0     0xe118
 *(.dynbss)
 *(.bss .bss.* .gnu.linkonce.b.*)
 .bss           0x00000000000498f0        0x0 boot_master.o
 .bss           0x00000000000498f0       0x14 kernel_master.o
                0x00000000000498f4                terminated_app_count
                0x00000000000498fc                app_id_counter
                0x00000000000498f0                pending_app_to_map
                0x00000000000498f8                waiting_app_allocation
 .bss           0x0000000000049904       0x44 modules/utils.o
 .bss           0x0000000000049948        0x4 modules/packet.o
                0x0000000000049948                global_inst
 .bss           0x000000000004994c        0x0 modules/applications.o
 .bss           0x000000000004994c        0x4 modules/reclustering.o
                0x000000000004994c                max_neighbors_level
 .bss           0x0000000000049950        0xc modules/new_task.o
                0x0000000000049954                last
                0x0000000000049958                size_new_app
                0x0000000000049950                first
 .bss           0x000000000004995c        0x0 modules/processors.o
 .bss           0x000000000004995c        0x0 modules/cluster_scheduler.o
 .bss           0x000000000004995c        0x0 modules/seek.o
 .bss           0x000000000004995c        0x0 modules/define_pairs.o
 .bss           0x000000000004995c        0x4 modules/control_messages_fifo.o
 .bss           0x0000000000049960        0x0 modules/csiphash.o
 .bss           0x0000000000049960        0x0 modules/lfsr.o
 .bss           0x0000000000049960        0x0 modules/osz_master.o
 .bss           0x0000000000049960        0x0 ../include/kernel_pkg.o
 *(COMMON)
 COMMON         0x0000000000049960     0x9240 kernel_master.o
                0x0000000000049960                waitingServices
                0x000000000004a040                Sessions
                0x000000000004a460                glfsr_c0
                0x000000000004a478                shapes
                0x000000000004a618                processors
                0x000000000004a7a8                applications
                0x000000000005149c                terminated_task_master
                0x00000000000514cc                fifo_seek
                0x0000000000051520                glfsr_d0
                0x0000000000051538                waitingMessages
                0x0000000000052960                Secure_Zone
                0x0000000000052b00                migration_list
 COMMON         0x0000000000052ba0      0x168 modules/packet.o
                0x0000000000052ba0                sh_slot2
                0x0000000000052c54                sh_slot1
 COMMON         0x0000000000052d08       0x1c modules/reclustering.o
                0x0000000000052d08                reclustering
 COMMON         0x0000000000052d24      0x104 modules/new_task.o
                0x0000000000052d24                new_task_list
 COMMON         0x0000000000052e28      0x330 modules/processors.o
                0x0000000000052e28                ward_pairs
                0x0000000000053148                slave_candidate_other_cluster
 COMMON         0x0000000000053158     0x3cf0 modules/seek.o
                0x0000000000053158                SR_Table
 COMMON         0x0000000000056e48      0xbc0 modules/control_messages_fifo.o
                0x0000000000056e48                CMFifo
                0x0000000000057a08                . = ALIGN ((. != 0x0)?0x4:0x1)
                0x0000000000057a08                . = ALIGN (0x4)
                0x0000000000057a08                . = ALIGN (0x4)
                0x0000000000057a08                _end = .
                0x0000000000057a08                PROVIDE (end, .)
                0x0000000000057a08                . = DATA_SEGMENT_END (.)

.stab
 *(.stab)

.stabstr
 *(.stabstr)

.stab.excl
 *(.stab.excl)

.stab.exclstr
 *(.stab.exclstr)

.stab.index
 *(.stab.index)

.stab.indexstr
 *(.stab.indexstr)

.comment        0x0000000000000000      0x10e
 *(.comment)
 .comment       0x0000000000000000       0x12 kernel_master.o
 .comment       0x0000000000000012       0x12 modules/utils.o
 .comment       0x0000000000000024       0x12 modules/packet.o
 .comment       0x0000000000000036       0x12 modules/applications.o
 .comment       0x0000000000000048       0x12 modules/reclustering.o
 .comment       0x000000000000005a       0x12 modules/new_task.o
 .comment       0x000000000000006c       0x12 modules/processors.o
 .comment       0x000000000000007e       0x12 modules/cluster_scheduler.o
 .comment       0x0000000000000090       0x12 modules/seek.o
 .comment       0x00000000000000a2       0x12 modules/define_pairs.o
 .comment       0x00000000000000b4       0x12 modules/control_messages_fifo.o
 .comment       0x00000000000000c6       0x12 modules/csiphash.o
 .comment       0x00000000000000d8       0x12 modules/lfsr.o
 .comment       0x00000000000000ea       0x12 modules/osz_master.o
 .comment       0x00000000000000fc       0x12 ../include/kernel_pkg.o

.debug
 *(.debug)

.line
 *(.line)

.debug_srcinfo
 *(.debug_srcinfo)

.debug_sfnames
 *(.debug_sfnames)

.debug_aranges
 *(.debug_aranges)

.debug_pubnames
 *(.debug_pubnames)

.debug_info
 *(.debug_info .gnu.linkonce.wi.*)

.debug_abbrev
 *(.debug_abbrev)

.debug_line
 *(.debug_line)

.debug_frame
 *(.debug_frame)

.debug_str
 *(.debug_str)

.debug_loc
 *(.debug_loc)

.debug_macinfo
 *(.debug_macinfo)

.debug_weaknames
 *(.debug_weaknames)

.debug_funcnames
 *(.debug_funcnames)

.debug_typenames
 *(.debug_typenames)

.debug_varnames
 *(.debug_varnames)

.gptab.sdata
 *(.gptab.data)
 *(.gptab.sdata)

.gptab.sbss
 *(.gptab.bss)
 *(.gptab.sbss)

.mdebug.abi32   0x000000000000010e        0x0
 *(.mdebug.abi32)
 .mdebug.abi32  0x000000000000010e        0x0 kernel_master.o
 .mdebug.abi32  0x000000000000010e        0x0 modules/utils.o
 .mdebug.abi32  0x000000000000010e        0x0 modules/packet.o
 .mdebug.abi32  0x000000000000010e        0x0 modules/applications.o
 .mdebug.abi32  0x000000000000010e        0x0 modules/reclustering.o
 .mdebug.abi32  0x000000000000010e        0x0 modules/new_task.o
 .mdebug.abi32  0x000000000000010e        0x0 modules/processors.o
 .mdebug.abi32  0x000000000000010e        0x0 modules/cluster_scheduler.o
 .mdebug.abi32  0x000000000000010e        0x0 modules/seek.o
 .mdebug.abi32  0x000000000000010e        0x0 modules/define_pairs.o
 .mdebug.abi32  0x000000000000010e        0x0 modules/control_messages_fifo.o
 .mdebug.abi32  0x000000000000010e        0x0 modules/csiphash.o
 .mdebug.abi32  0x000000000000010e        0x0 modules/lfsr.o
 .mdebug.abi32  0x000000000000010e        0x0 modules/osz_master.o
 .mdebug.abi32  0x000000000000010e        0x0 ../include/kernel_pkg.o

.mdebug.abiN32
 *(.mdebug.abiN32)

.mdebug.abi64
 *(.mdebug.abi64)

.mdebug.abiO64
 *(.mdebug.abiO64)

.mdebug.eabi32
 *(.mdebug.eabi32)

.mdebug.eabi64
 *(.mdebug.eabi64)

.gcc_compiled_long32
 *(.gcc_compiled_long32)

.gcc_compiled_long64
 *(.gcc_compiled_long64)

/DISCARD/
 *(.note.GNU-stack)
OUTPUT(kernel_master_debug.bin elf32-bigmips)

.pdr            0x0000000000000000     0x1360
 .pdr           0x0000000000000000       0x20 boot_master.o
 .pdr           0x0000000000000020      0x240 kernel_master.o
 .pdr           0x0000000000000260      0x180 modules/utils.o
 .pdr           0x00000000000003e0      0x160 modules/packet.o
 .pdr           0x0000000000000540      0x1c0 modules/applications.o
 .pdr           0x0000000000000700      0x140 modules/reclustering.o
 .pdr           0x0000000000000840       0x60 modules/new_task.o
 .pdr           0x00000000000008a0      0x300 modules/processors.o
 .pdr           0x0000000000000ba0      0x160 modules/cluster_scheduler.o
 .pdr           0x0000000000000d00      0x160 modules/seek.o
 .pdr           0x0000000000000e60      0x160 modules/define_pairs.o
 .pdr           0x0000000000000fc0      0x100 modules/control_messages_fifo.o
 .pdr           0x00000000000010c0       0x40 modules/csiphash.o
 .pdr           0x0000000000001100       0x40 modules/lfsr.o
 .pdr           0x0000000000001140      0x220 modules/osz_master.o
 .pdr           0x0000000000001360        0x0 ../include/kernel_pkg.o
