
Allocating common symbols
Common symbol       size              file

msg                 0x204             aes_slave3.o

Discarded input sections

 .reginfo       0x0000000000000000        0x0 aes_slave3.o
 .got           0x0000000000000000        0x0 aes_slave3.o

Memory Configuration

Name             Origin             Length             Attributes
*default*        0x0000000000000000 0xffffffffffffffff

Linker script and memory map

Address of section .text set to 0x0
LOAD boot_task.o
LOAD aes_slave3.o
                0x0000000000400000                PROVIDE (__executable_start, 0x400000)
                0x0000000000400000                . = 0x400000

.interp
 *(.interp)

.reginfo        0x0000000000400000       0x18
 *(.reginfo)
 .reginfo       0x0000000000400000       0x18 boot_task.o

.dynamic
 *(.dynamic)

.hash
 *(.hash)

.dynsym
 *(.dynsym)

.dynstr
 *(.dynstr)

.gnu.version
 *(.gnu.version)

.gnu.version_d
 *(.gnu.version_d)

.gnu.version_r
 *(.gnu.version_r)

.rel.dyn        0x0000000000400018        0x0
 .rel.dyn       0x0000000000000000        0x0 aes_slave3.o

.rel.init
 *(.rel.init)

.rela.init
 *(.rela.init)

.rel.text
 *(.rel.text .rel.text.* .rel.gnu.linkonce.t.*)

.rela.text
 *(.rela.text .rela.text.* .rela.gnu.linkonce.t.*)

.rel.fini
 *(.rel.fini)

.rela.fini
 *(.rela.fini)

.rel.rodata
 *(.rel.rodata .rel.rodata.* .rel.gnu.linkonce.r.*)

.rela.rodata
 *(.rela.rodata .rela.rodata.* .rela.gnu.linkonce.r.*)

.rel.data.rel.ro
 *(.rel.data.rel.ro* .rel.gnu.linkonce.d.rel.ro.*)

.rela.data.rel.ro
 *(.rela.data.rel.ro* .rela.gnu.linkonce.d.rel.ro.*)

.rel.data
 *(.rel.data .rel.data.* .rel.gnu.linkonce.d.*)

.rela.data
 *(.rela.data .rela.data.* .rela.gnu.linkonce.d.*)

.rel.tdata
 *(.rel.tdata .rel.tdata.* .rel.gnu.linkonce.td.*)

.rela.tdata
 *(.rela.tdata .rela.tdata.* .rela.gnu.linkonce.td.*)

.rel.tbss
 *(.rel.tbss .rel.tbss.* .rel.gnu.linkonce.tb.*)

.rela.tbss
 *(.rela.tbss .rela.tbss.* .rela.gnu.linkonce.tb.*)

.rel.ctors
 *(.rel.ctors)

.rela.ctors
 *(.rela.ctors)

.rel.dtors
 *(.rel.dtors)

.rela.dtors
 *(.rela.dtors)

.rel.got
 *(.rel.got)

.rela.got
 *(.rela.got)

.rel.sdata
 *(.rel.sdata .rel.sdata.* .rel.gnu.linkonce.s.*)

.rela.sdata
 *(.rela.sdata .rela.sdata.* .rela.gnu.linkonce.s.*)

.rel.sbss
 *(.rel.sbss .rel.sbss.* .rel.gnu.linkonce.sb.*)

.rela.sbss
 *(.rela.sbss .rela.sbss.* .rela.gnu.linkonce.sb.*)

.rel.sdata2
 *(.rel.sdata2 .rel.sdata2.* .rel.gnu.linkonce.s2.*)

.rela.sdata2
 *(.rela.sdata2 .rela.sdata2.* .rela.gnu.linkonce.s2.*)

.rel.sbss2
 *(.rel.sbss2 .rel.sbss2.* .rel.gnu.linkonce.sb2.*)

.rela.sbss2
 *(.rela.sbss2 .rela.sbss2.* .rela.gnu.linkonce.sb2.*)

.rel.bss
 *(.rel.bss .rel.bss.* .rel.gnu.linkonce.b.*)

.rela.bss
 *(.rela.bss .rela.bss.* .rela.gnu.linkonce.b.*)

.rel.plt
 *(.rel.plt)

.rela.plt
 *(.rela.plt)

.init
 *(.init)

.plt
 *(.plt)

.text           0x0000000000000000     0x20f8
                0x0000000000000000                _ftext = .
 *(.text .stub .text.* .gnu.linkonce.t.*)
 .text          0x0000000000000000       0x30 boot_task.o
                0x0000000000000000                entry
                0x0000000000000020                SystemCall
 .text          0x0000000000000030     0x20c8 aes_slave3.o
                0x00000000000004cc                strcpy
                0x0000000000000e5c                InvShiftRows
                0x000000000000053c                SubWord
                0x0000000000000dec                ShiftRows
                0x00000000000011d4                InvMixColumns
                0x000000000000014c                itoh
                0x0000000000000030                itoa
                0x0000000000001574                aes_decrypt
                0x00000000000005c8                aes_key_setup
                0x000000000000021c                add
                0x0000000000000ecc                MixColumns
                0x0000000000000258                fixetoa
                0x00000000000001f0                rand
                0x000000000000092c                SubBytes
                0x000000000000022c                memset
                0x0000000000001d48                main
                0x00000000000004ec                strlen
                0x00000000000001d8                abs
                0x0000000000000b8c                InvSubBytes
                0x0000000000000224                sub
                0x00000000000007ec                AddRoundKey
                0x000000000000050c                xor_buf
                0x0000000000001958                aes_encrypt
 *(.text.*personality*)
 *(.gnu.warning)
 *(.mips16.fn.*)
 *(.mips16.call.*)

.fini
 *(.fini)
                0x00000000000020f8                PROVIDE (__etext, .)
                0x00000000000020f8                PROVIDE (_etext, .)
                0x00000000000020f8                PROVIDE (etext, .)

.rodata         0x00000000000020f8      0x150
 *(.rodata .rodata.* .gnu.linkonce.r.*)
 .rodata.str1.4
                0x00000000000020f8       0x90 aes_slave3.o
 .rodata.cst4   0x0000000000002188        0x4 aes_slave3.o
 .rodata        0x000000000000218c       0xbc aes_slave3.o

.rodata1
 *(.rodata1)

.sdata2
 *(.sdata2 .sdata2.* .gnu.linkonce.s2.*)

.sbss2
 *(.sbss2 .sbss2.* .gnu.linkonce.sb2.*)

.eh_frame_hdr
 *(.eh_frame_hdr)

.eh_frame
 *(.eh_frame)

.gcc_except_table
 *(.gcc_except_table .gcc_except_table.*)
                0x0000000000002248                . = .

.eh_frame
 *(.eh_frame)

.gcc_except_table
 *(.gcc_except_table .gcc_except_table.*)

.tdata
 *(.tdata .tdata.* .gnu.linkonce.td.*)

.tbss
 *(.tbss .tbss.* .gnu.linkonce.tb.*)
 *(.tcommon)

.preinit_array  0x0000000000002248        0x0
                0x0000000000002248                PROVIDE (__preinit_array_start, .)
 *(.preinit_array)
                0x0000000000002248                PROVIDE (__preinit_array_end, .)

.init_array     0x0000000000002248        0x0
                0x0000000000002248                PROVIDE (__init_array_start, .)
 *(SORT(.init_array.*))
 *(.init_array)
                0x0000000000002248                PROVIDE (__init_array_end, .)

.fini_array     0x0000000000002248        0x0
                0x0000000000002248                PROVIDE (__fini_array_start, .)
 *(.fini_array)
 *(SORT(.fini_array.*))
                0x0000000000002248                PROVIDE (__fini_array_end, .)

.ctors
 *crtbegin*.o(.ctors)
 *(EXCLUDE_FILE(*crtend*.o) .ctors)
 *(SORT(.ctors.*))
 *(.ctors)

.dtors
 *crtbegin*.o(.dtors)
 *(EXCLUDE_FILE(*crtend*.o) .dtors)
 *(SORT(.dtors.*))
 *(.dtors)

.jcr
 *(.jcr)

.data.rel.ro
 *(.data.rel.ro.local* .gnu.linkonce.d.rel.ro.local.*)
 *(.data.rel.ro* .gnu.linkonce.d.rel.ro.*)

.data           0x0000000000002248     0x2000
                0x0000000000002248                _fdata = .
 *(.data .data.* .gnu.linkonce.d.*)
 .data          0x0000000000002248        0x0 boot_task.o
 .data          0x0000000000002248     0x2000 aes_slave3.o
 *(.gnu.linkonce.d.*personality*)

.data1
 *(.data1)
                0x0000000000004248                . = .
                0x000000000000c240                _gp = (ALIGN (0x10) + 0x7ff0)

.got
 *(.got.plt)
 *(.got)

.sdata
 *(.sdata .sdata.* .gnu.linkonce.s.*)

.lit8
 *(.lit8)

.lit4
 *(.lit4)
                0x0000000000004248                _edata = .
                0x0000000000004248                PROVIDE (edata, .)
                0x0000000000004248                __bss_start = .
                0x0000000000004248                _fbss = .

.sbss
 *(.dynsbss)
 *(.sbss .sbss.* .gnu.linkonce.sb.*)
 *(.scommon)

.bss            0x0000000000004248      0x248
 *(.dynbss)
 *(.bss .bss.* .gnu.linkonce.b.*)
 .bss           0x0000000000004248        0x0 boot_task.o
 .bss           0x0000000000004248       0x44 aes_slave3.o
 *(COMMON)
 COMMON         0x000000000000428c      0x204 aes_slave3.o
                0x000000000000428c                msg
                0x0000000000004490                . = ALIGN ((. != 0x0)?0x4:0x1)
                0x0000000000004490                . = ALIGN (0x4)
                0x0000000000004490                . = ALIGN (0x4)
                0x0000000000004490                _end = .
                0x0000000000004490                PROVIDE (end, .)

.stab
 *(.stab)

.stabstr
 *(.stabstr)

.stab.excl
 *(.stab.excl)

.stab.exclstr
 *(.stab.exclstr)

.stab.index
 *(.stab.index)

.stab.indexstr
 *(.stab.indexstr)

.comment        0x0000000000000000       0x12
 *(.comment)
 .comment       0x0000000000000000       0x12 aes_slave3.o

.debug
 *(.debug)

.line
 *(.line)

.debug_srcinfo
 *(.debug_srcinfo)

.debug_sfnames
 *(.debug_sfnames)

.debug_aranges
 *(.debug_aranges)

.debug_pubnames
 *(.debug_pubnames)

.debug_info
 *(.debug_info .gnu.linkonce.wi.*)

.debug_abbrev
 *(.debug_abbrev)

.debug_line
 *(.debug_line)

.debug_frame
 *(.debug_frame)

.debug_str
 *(.debug_str)

.debug_loc
 *(.debug_loc)

.debug_macinfo
 *(.debug_macinfo)

.debug_weaknames
 *(.debug_weaknames)

.debug_funcnames
 *(.debug_funcnames)

.debug_typenames
 *(.debug_typenames)

.debug_varnames
 *(.debug_varnames)

.gptab.sdata
 *(.gptab.data)
 *(.gptab.sdata)

.gptab.sbss
 *(.gptab.bss)
 *(.gptab.sbss)

.mdebug.abi32   0x0000000000000012        0x0
 *(.mdebug.abi32)
 .mdebug.abi32  0x0000000000000012        0x0 aes_slave3.o

.mdebug.abiN32
 *(.mdebug.abiN32)

.mdebug.abi64
 *(.mdebug.abi64)

.mdebug.abiO64
 *(.mdebug.abiO64)

.mdebug.eabi32
 *(.mdebug.eabi32)

.mdebug.eabi64
 *(.mdebug.eabi64)

.gcc_compiled_long32
 *(.gcc_compiled_long32)

.gcc_compiled_long64
 *(.gcc_compiled_long64)

/DISCARD/
 *(.note.GNU-stack)
OUTPUT(aes_slave3.bin elf32-bigmips)

.pdr            0x0000000000000000      0x320
 .pdr           0x0000000000000000       0x40 boot_task.o
 .pdr           0x0000000000000040      0x2e0 aes_slave3.o
