
Allocating common symbols
Common symbol       size              file

CMFifo              0xbc0             modules/control_messages_fifo.o
time_slice          0x4               modules/local_scheduler.o
glfsr_c0            0x18              kernel_slave.o
cluster_master_address
                    0x4               kernel_slave.o
ward_pairs          0x320             modules/osz_slave.o
scheduling          0x2c              modules/local_scheduler.o
task_location       0x20              modules/task_location.o
net_addr            0x4               modules/seek.o
pipe                0xc78             modules/communication.o
fifo_seek           0x50              kernel_slave.o
glfsr_d0            0x18              kernel_slave.o
idle_tcb            0xa4              kernel_slave.o
total_slack_time    0x4               kernel_slave.o
msg_write_pipe      0x204             kernel_slave.o
net_address         0x4               kernel_slave.o
current             0x4               kernel_slave.o
slave_candidate_other_cluster
                    0x10              modules/osz_slave.o
instant_overhead    0x4               modules/local_scheduler.o
tcbs                0xa4              modules/task_control.o
SR_Table            0xaf0             modules/seek.o
msg_request         0x28              modules/communication.o
sh_slot2            0xb4              modules/packet.o
slave_candidate_my_cluster
                    0x4               modules/osz_slave.o
slot_seek           0x4               kernel_slave.o
ward_master         0x8               modules/osz_slave.o
message_request     0xc               modules/communication.o
last_idle_time      0x4               kernel_slave.o
schedule_after_syscall
                    0x4               kernel_slave.o
sh_slot1            0xb4              modules/packet.o
master_other_cluster
                    0x8               modules/osz_slave.o
pending_services_FIFO
                    0xdc0             modules/pending_service.o

Discarded input sections

 .reginfo       0x0000000000000000        0x0 kernel_slave.o
 .reginfo       0x0000000000000000        0x0 modules/utils.o
 .reginfo       0x0000000000000000        0x0 modules/packet.o
 .reginfo       0x0000000000000000        0x0 modules/pending_service.o
 .reginfo       0x0000000000000000        0x0 modules/communication.o
 .reginfo       0x0000000000000000        0x0 modules/task_control.o
 .reginfo       0x0000000000000000        0x0 modules/task_location.o
 .reginfo       0x0000000000000000        0x0 modules/task_migration.o
 .reginfo       0x0000000000000000        0x0 modules/local_scheduler.o
 .reginfo       0x0000000000000000        0x0 modules/seek.o
 .reginfo       0x0000000000000000        0x0 modules/control_messages_fifo.o
 .reginfo       0x0000000000000000        0x0 modules/csiphash.o
 .reginfo       0x0000000000000000        0x0 modules/lfsr.o
 .reginfo       0x0000000000000000        0x0 modules/osz_slave.o
 .reginfo       0x0000000000000000        0x0 ../include/kernel_pkg.o

Memory Configuration

Name             Origin             Length             Attributes
*default*        0x0000000000000000 0xffffffffffffffff

Linker script and memory map

Address of section .text set to 0x0
LOAD boot_slave.o
LOAD kernel_slave.o
LOAD modules/utils.o
LOAD modules/packet.o
LOAD modules/pending_service.o
LOAD modules/communication.o
LOAD modules/task_control.o
LOAD modules/task_location.o
LOAD modules/task_migration.o
LOAD modules/local_scheduler.o
LOAD modules/seek.o
LOAD modules/control_messages_fifo.o
LOAD modules/csiphash.o
LOAD modules/lfsr.o
LOAD modules/osz_slave.o
LOAD ../include/kernel_pkg.o
                0x0000000000400000                PROVIDE (__executable_start, 0x400000)
                0x0000000000400000                . = 0x400000

.interp
 *(.interp)

.reginfo        0x0000000000400000       0x18
 *(.reginfo)
 .reginfo       0x0000000000400000       0x18 boot_slave.o

.dynamic
 *(.dynamic)

.hash
 *(.hash)

.dynsym
 *(.dynsym)

.dynstr
 *(.dynstr)

.gnu.version
 *(.gnu.version)

.gnu.version_d
 *(.gnu.version_d)

.gnu.version_r
 *(.gnu.version_r)

.rel.dyn
 *(.rel.init)
 *(.rel.text .rel.text.* .rel.gnu.linkonce.t.*)
 *(.rel.fini)
 *(.rel.rodata .rel.rodata.* .rel.gnu.linkonce.r.*)
 *(.rel.data.rel.ro* .rel.gnu.linkonce.d.rel.ro.*)
 *(.rel.data .rel.data.* .rel.gnu.linkonce.d.*)
 *(.rel.tdata .rel.tdata.* .rel.gnu.linkonce.td.*)
 *(.rel.tbss .rel.tbss.* .rel.gnu.linkonce.tb.*)
 *(.rel.ctors)
 *(.rel.dtors)
 *(.rel.got)
 *(.rel.sdata .rel.sdata.* .rel.gnu.linkonce.s.*)
 *(.rel.sbss .rel.sbss.* .rel.gnu.linkonce.sb.*)
 *(.rel.sdata2 .rel.sdata2.* .rel.gnu.linkonce.s2.*)
 *(.rel.sbss2 .rel.sbss2.* .rel.gnu.linkonce.sb2.*)
 *(.rel.bss .rel.bss.* .rel.gnu.linkonce.b.*)

.rela.dyn
 *(.rela.init)
 *(.rela.text .rela.text.* .rela.gnu.linkonce.t.*)
 *(.rela.fini)
 *(.rela.rodata .rela.rodata.* .rela.gnu.linkonce.r.*)
 *(.rela.data .rela.data.* .rela.gnu.linkonce.d.*)
 *(.rela.tdata .rela.tdata.* .rela.gnu.linkonce.td.*)
 *(.rela.tbss .rela.tbss.* .rela.gnu.linkonce.tb.*)
 *(.rela.ctors)
 *(.rela.dtors)
 *(.rela.got)
 *(.rela.sdata .rela.sdata.* .rela.gnu.linkonce.s.*)
 *(.rela.sbss .rela.sbss.* .rela.gnu.linkonce.sb.*)
 *(.rela.sdata2 .rela.sdata2.* .rela.gnu.linkonce.s2.*)
 *(.rela.sbss2 .rela.sbss2.* .rela.gnu.linkonce.sb2.*)
 *(.rela.bss .rela.bss.* .rela.gnu.linkonce.b.*)

.rel.plt
 *(.rel.plt)

.rela.plt
 *(.rela.plt)

.init
 *(.init)

.plt
 *(.plt)

.text           0x0000000000000000     0x7e0c
                0x0000000000000000                _ftext = .
 *(.text .stub .text.* .gnu.linkonce.t.*)
 .text          0x0000000000000000      0x28c boot_slave.o
                0x0000000000000000                entry
                0x0000000000000268                ASM_SetInterruptEnable
                0x000000000000019c                ASM_SaveRemainingContext
                0x00000000000001d0                ASM_RunScheduledTask
                0x0000000000000274                read_inst
 .text          0x000000000000028c     0x215c kernel_slave.o
                0x0000000000000338                get_cluster_ID
                0x00000000000002fc                OS_InterruptMaskSet
                0x0000000000000e78                handle_packet
                0x00000000000005cc                SeekInterruptHandler
                0x000000000000028c                write_local_msg_to_task
                0x00000000000004f0                send_task_allocated
                0x000000000000232c                send_task_terminated
                0x000000000000208c                OS_InterruptServiceRoutine
                0x0000000000000d5c                Scheduler
                0x0000000000001a60                Syscall
                0x0000000000002018                send_slack_time_report
                0x00000000000003e0                main
                0x00000000000019c8                Aplly_LSFR
                0x000000000000031c                OS_Idle
                0x00000000000002dc                OS_InterruptMaskClear
                0x0000000000002294                send_task_real_time_change
 .text          0x00000000000023e8      0x5a4 modules/utils.o
                0x000000000000294c                strcpy
                0x00000000000025cc                itoh
                0x0000000000002404                puts
                0x00000000000024b0                itoa
                0x00000000000023f4                get_net_address
                0x000000000000269c                add
                0x00000000000026d8                fixetoa
                0x0000000000002670                rand
                0x00000000000026ac                memset
                0x00000000000023e8                set_net_address
                0x000000000000296c                strlen
                0x0000000000002658                abs
                0x00000000000026a4                sub
 .text          0x000000000000298c      0x528 modules/packet.o
                0x0000000000002a38                read_packet
                0x0000000000002cc4                send_packet
                0x00000000000029d8                init_service_header_slots
                0x0000000000002b64                send_packet_io
                0x000000000000298c                get_service_header_slot
                0x00000000000029f0                DMNI_send_data
                0x0000000000002ae0                DMNI_read_data
 .text          0x0000000000002eb4      0x198 modules/pending_service.o
                0x0000000000002eb4                get_next_pending_service
                0x0000000000002f44                add_pending_service
 .text          0x000000000000304c      0xf38 modules/communication.o
                0x0000000000003650                remove_prod_requested_msgs
                0x0000000000003404                add_PIPE
                0x00000000000036cc                remove_cons_requested_msgs
                0x0000000000003ac0                print_msg_req
                0x00000000000038e8                insert_message_request
                0x0000000000003600                update_msg_request_table
                0x0000000000003c6c                send_message_request_
                0x0000000000003100                search_PIPE_producer
                0x0000000000003df4                remove_msg_request
                0x00000000000030a4                update_msg_request_migration
                0x0000000000003570                search_message_request
                0x0000000000003d10                resend_msg_request
                0x0000000000003088                initFTStructs
                0x00000000000031a4                remove_PIPE
                0x0000000000003814                send_message_io
                0x0000000000003964                print_pipe_status
                0x00000000000032d0                remove_PIPE_by_producer
                0x00000000000039d4                resend_messages
                0x0000000000003874                send_message_delivery
                0x000000000000315c                PIPE_msg_number
                0x0000000000003bdc                add_msg_request
                0x00000000000033c4                get_PIPE_free_position
                0x00000000000035a4                remove_message_request
                0x00000000000037b4                send_io_request
                0x0000000000003754                remove_last_msg_waiting_ack
                0x0000000000003b58                add_msg_request_migration
                0x000000000000304c                init_communication
 .text          0x0000000000003f84      0x500 modules/task_control.o
                0x0000000000003fd0                is_another_task_running
                0x0000000000004268                search_free_TCB
                0x000000000000442c                init_TCBs
                0x0000000000004058                clear_all_memory_areas
                0x0000000000004194                freeze_tasks_of_cluster
                0x00000000000041cc                unfreeze_tasks_of_cluster
                0x0000000000004234                unfreeze_tasks_of_App
                0x0000000000003fac                get_tcb_index_ptr
                0x0000000000003f84                searchTCB
                0x000000000000400c                unblock_tasks_of_App
                0x00000000000042b0                freeze_tasks_of_App
                0x00000000000043ac                print_task
 .text          0x0000000000004484      0x2a8 modules/task_location.o
                0x00000000000045f0                add_task_location
                0x00000000000044f4                change_task_location
                0x0000000000004484                init_task_location
                0x000000000000457c                remove_task_location
                0x0000000000004530                clear_app_tasks_locations
                0x00000000000044b4                get_task_location
 .text          0x000000000000472c      0xec8 modules/task_migration.o
                0x0000000000004e14                send_update_task_location
                0x0000000000004db8                migrate_CODE
                0x0000000000004ef4                handle_migration_DATA_BSS
                0x000000000000472c                handle_migration_stack
                0x000000000000476c                handle_migration_TCB
                0x000000000000487c                handle_consumer_migration_request_msg
                0x0000000000004f90                migrate_dynamic_memory
                0x0000000000004804                handle_migration_code
                0x0000000000004bb0                print_locations
                0x000000000000532c                handle_task_migration
                0x0000000000004e98                send_task_migrated
                0x0000000000004838                handle_migration_PIPE
                0x0000000000004a20                handle_producer_migration_request_msg
                0x0000000000004c58                handle_migration_task_location
                0x000000000000545c                handle_migration
 .text          0x00000000000055f4      0x744 modules/local_scheduler.o
                0x0000000000005740                round_robin
                0x0000000000005774                dynamic_slice_time
                0x00000000000055f4                get_time_slice
                0x000000000000566c                real_time_task
                0x0000000000005950                clear_scheduling
                0x0000000000005634                update_slack_time
                0x00000000000059f4                LST
                0x0000000000005604                init_scheduling_ptr
                0x0000000000005814                update_real_time
 .text          0x0000000000005d38      0x754 modules/seek.o
                0x000000000000602c                ProcessTurns
                0x0000000000005d38                initSRstructs
                0x0000000000005d74                SearchSourceRoutingDestination
                0x0000000000005dc0                ClearSlotSourceRouting
                0x0000000000005f90                GetFreeSlotSourceRouting
                0x0000000000005efc                print_port
                0x0000000000005e70                Seek
                0x0000000000005e24                ClearAllSourceRouting
 .text          0x000000000000648c      0x568 modules/control_messages_fifo.o
                0x0000000000006664                insert_CM_FIFO
                0x00000000000065b8                initialize_CM_FIFO
                0x000000000000648c                search_Service
                0x00000000000065e0                resend_control_message
                0x0000000000006920                print_CM_FIFO
                0x000000000000650c                search_Target
 .text          0x00000000000069f4      0xd70 modules/csiphash.o
                0x0000000000006ae0                siphash24
                0x00000000000069f4                le64toh
 .text          0x0000000000007764       0xdc modules/lfsr.o
                0x00000000000077dc                GLFSR_next
                0x0000000000007764                GLFSR_init
 .text          0x0000000000007840      0x5cc modules/osz_slave.o
                0x0000000000007c14                Set_Secure_Zone
                0x0000000000007840                Unset_Secure_Zone
 .text          0x0000000000007e0c        0x0 ../include/kernel_pkg.o
 *(.text.*personality*)
 *(.gnu.warning)
 *(.mips16.fn.*)
 *(.mips16.call.*)

.fini
 *(.fini)
                0x0000000000007e0c                PROVIDE (__etext, .)
                0x0000000000007e0c                PROVIDE (_etext, .)
                0x0000000000007e0c                PROVIDE (etext, .)

.rodata         0x0000000000007e0c      0xbec
 *(.rodata .rodata.* .gnu.linkonce.r.*)
 .rodata.str1.4
                0x0000000000007e0c      0x43d kernel_slave.o
                                        0x448 (size before relaxing)
 *fill*         0x0000000000008249        0x3 00
 .rodata        0x000000000000824c       0xac kernel_slave.o
 .rodata.str1.4
                0x00000000000082f8       0x53 modules/packet.o
                                         0x54 (size before relaxing)
 *fill*         0x000000000000834b        0x1 00
 .rodata.str1.4
                0x000000000000834c       0x22 modules/pending_service.o
                                         0x24 (size before relaxing)
 *fill*         0x000000000000836e        0x2 00
 .rodata.str1.4
                0x0000000000008370       0x9f modules/communication.o
                                         0xa8 (size before relaxing)
 *fill*         0x000000000000840f        0x1 00
 .rodata.str1.4
                0x0000000000008410       0x59 modules/task_control.o
                                         0x60 (size before relaxing)
 *fill*         0x0000000000008469        0x3 00
 .rodata.str1.4
                0x000000000000846c       0x77 modules/task_location.o
                                         0x7c (size before relaxing)
 *fill*         0x00000000000084e3        0x1 00
 .rodata.str1.4
                0x00000000000084e4      0x298 modules/task_migration.o
                                        0x29c (size before relaxing)
 .rodata        0x000000000000877c       0x60 modules/task_migration.o
 .rodata.str1.4
                0x00000000000087dc       0x25 modules/local_scheduler.o
                                         0x2c (size before relaxing)
 *fill*         0x0000000000008801        0x3 00
 .rodata.str1.4
                0x0000000000008804       0x65 modules/seek.o
                                         0x70 (size before relaxing)
 *fill*         0x0000000000008869        0x3 00
 .rodata        0x000000000000886c       0x20 modules/seek.o
 .rodata.str1.4
                0x000000000000888c       0x7f modules/control_messages_fifo.o
                                         0x84 (size before relaxing)
 *fill*         0x000000000000890b        0x1 00
 .rodata        0x000000000000890c       0x20 modules/csiphash.o
 .rodata.str1.4
                0x000000000000892c       0xcc modules/osz_slave.o
                                         0xd0 (size before relaxing)

.rodata1
 *(.rodata1)

.sdata2
 *(.sdata2 .sdata2.* .gnu.linkonce.s2.*)

.sbss2
 *(.sbss2 .sbss2.* .gnu.linkonce.sb2.*)

.eh_frame_hdr
 *(.eh_frame_hdr)

.eh_frame
 *(.eh_frame)

.gcc_except_table
 *(.gcc_except_table .gcc_except_table.*)
                0x00000000000089f8                . = (ALIGN (0x40000) - ((0x40000 - .) & 0x3ffff))
                0x0000000000049000                . = (0x40000 DATA_SEGMENT_ALIGN 0x1000)

.eh_frame
 *(.eh_frame)

.gcc_except_table
 *(.gcc_except_table .gcc_except_table.*)

.tdata
 *(.tdata .tdata.* .gnu.linkonce.td.*)

.tbss
 *(.tbss .tbss.* .gnu.linkonce.tb.*)
 *(.tcommon)

.preinit_array  0x0000000000049000        0x0
                0x0000000000049000                PROVIDE (__preinit_array_start, .)
 *(.preinit_array)
                0x0000000000049000                PROVIDE (__preinit_array_end, .)

.init_array     0x0000000000049000        0x0
                0x0000000000049000                PROVIDE (__init_array_start, .)
 *(SORT(.init_array.*))
 *(.init_array)
                0x0000000000049000                PROVIDE (__init_array_end, .)

.fini_array     0x0000000000049000        0x0
                0x0000000000049000                PROVIDE (__fini_array_start, .)
 *(.fini_array)
 *(SORT(.fini_array.*))
                0x0000000000049000                PROVIDE (__fini_array_end, .)

.ctors
 *crtbegin*.o(.ctors)
 *(EXCLUDE_FILE(*crtend*.o) .ctors)
 *(SORT(.ctors.*))
 *(.ctors)

.dtors
 *crtbegin*.o(.dtors)
 *(EXCLUDE_FILE(*crtend*.o) .dtors)
 *(SORT(.dtors.*))
 *(.dtors)

.jcr
 *(.jcr)

.data.rel.ro
 *(.data.rel.ro.local* .gnu.linkonce.d.rel.ro.local.*)
 *(.data.rel.ro* .gnu.linkonce.d.rel.ro.*)
                0x0000000000049000                . = (. DATA_SEGMENT_RELRO_END 0x0)

.data           0x0000000000049000       0x6c
                0x0000000000049000                _fdata = .
 *(.data .data.* .gnu.linkonce.d.*)
 .data          0x0000000000049000        0x0 boot_slave.o
 .data          0x0000000000049000        0x0 kernel_slave.o
 .data          0x0000000000049000        0x0 modules/utils.o
 .data          0x0000000000049000        0x0 modules/packet.o
 .data          0x0000000000049000        0x0 modules/pending_service.o
 .data          0x0000000000049000        0x4 modules/communication.o
                0x0000000000049000                pipe_free_positions
 .data          0x0000000000049004        0x0 modules/task_control.o
 .data          0x0000000000049004        0x0 modules/task_location.o
 .data          0x0000000000049004        0x0 modules/task_migration.o
 .data          0x0000000000049004        0x4 modules/local_scheduler.o
                0x0000000000049004                schedule_overhead
 .data          0x0000000000049008        0x0 modules/seek.o
 .data          0x0000000000049008        0x0 modules/control_messages_fifo.o
 .data          0x0000000000049008        0x0 modules/csiphash.o
 .data          0x0000000000049008        0x0 modules/lfsr.o
 .data          0x0000000000049008        0x8 modules/osz_slave.o
                0x0000000000049008                LOCAL_left_low_corner
                0x000000000004900c                LOCAL_right_high_corner
 .data          0x0000000000049010       0x5c ../include/kernel_pkg.o
                0x000000000004904c                static_map
                0x0000000000049010                cluster_info
                0x000000000004902c                io_info
 *(.gnu.linkonce.d.*personality*)

.data1
 *(.data1)
                0x000000000004906c                . = .
                0x0000000000051060                _gp = (ALIGN (0x10) + 0x7ff0)

.got
 *(.got.plt)
 *(.got)

.sdata
 *(.sdata .sdata.* .gnu.linkonce.s.*)

.lit8
 *(.lit8)

.lit4
 *(.lit4)
                0x000000000004906c                _edata = .
                0x000000000004906c                PROVIDE (edata, .)
                0x000000000004906c                __bss_start = .
                0x000000000004906c                _fbss = .

.sbss           0x000000000004906c       0x3c
 *(.dynsbss)
 *(.sbss .sbss.* .gnu.linkonce.sb.*)
 *(.scommon)
 .scommon       0x000000000004906c       0x1c kernel_slave.o
                0x000000000004906c                cluster_master_address
                0x0000000000049070                total_slack_time
                0x0000000000049074                net_address
                0x0000000000049078                current
                0x000000000004907c                slot_seek
                0x0000000000049080                last_idle_time
                0x0000000000049084                schedule_after_syscall
 .scommon       0x0000000000049088        0x0 modules/utils.o
 .scommon       0x0000000000049088        0x0 modules/packet.o
 .scommon       0x0000000000049088        0x0 modules/pending_service.o
 .scommon       0x0000000000049088        0x0 modules/communication.o
 .scommon       0x0000000000049088        0x0 modules/task_migration.o
 .scommon       0x0000000000049088        0x8 modules/local_scheduler.o
                0x0000000000049088                time_slice
                0x000000000004908c                instant_overhead
 .scommon       0x0000000000049090        0x4 modules/seek.o
                0x0000000000049090                net_addr
 .scommon       0x0000000000049094        0x0 modules/control_messages_fifo.o
 .scommon       0x0000000000049094       0x14 modules/osz_slave.o
                0x0000000000049094                slave_candidate_my_cluster
                0x0000000000049098                ward_master
                0x00000000000490a0                master_other_cluster

.bss            0x00000000000490a8     0x3a34
 *(.dynbss)
 *(.bss .bss.* .gnu.linkonce.b.*)
 .bss           0x00000000000490a8        0x0 boot_slave.o
 .bss           0x00000000000490a8        0x4 kernel_slave.o
 .bss           0x00000000000490ac       0x44 modules/utils.o
 .bss           0x00000000000490f0        0x4 modules/packet.o
                0x00000000000490f0                global_inst
 .bss           0x00000000000490f4        0xc modules/pending_service.o
                0x00000000000490f8                pending_service_last
                0x00000000000490fc                add_fifo
                0x00000000000490f4                pending_service_first
 .bss           0x0000000000049100        0x0 modules/communication.o
 .bss           0x0000000000049100        0x0 modules/task_control.o
 .bss           0x0000000000049100        0x0 modules/task_location.o
 .bss           0x0000000000049100        0x0 modules/task_migration.o
 .bss           0x0000000000049100        0x8 modules/local_scheduler.o
                0x0000000000049100                cpu_utilization
 .bss           0x0000000000049108        0x0 modules/seek.o
 .bss           0x0000000000049108        0x4 modules/control_messages_fifo.o
 .bss           0x000000000004910c        0x0 modules/csiphash.o
 .bss           0x000000000004910c        0x0 modules/lfsr.o
 .bss           0x000000000004910c        0x4 modules/osz_slave.o
                0x000000000004910c                wrapper_value
 .bss           0x0000000000049110        0x0 ../include/kernel_pkg.o
 *(COMMON)
 COMMON         0x0000000000049110      0x328 kernel_slave.o
                0x0000000000049110                glfsr_c0
                0x0000000000049128                fifo_seek
                0x0000000000049178                glfsr_d0
                0x0000000000049190                idle_tcb
                0x0000000000049234                msg_write_pipe
 COMMON         0x0000000000049438      0x168 modules/packet.o
                0x0000000000049438                sh_slot2
                0x00000000000494ec                sh_slot1
 COMMON         0x00000000000495a0      0xdc0 modules/pending_service.o
                0x00000000000495a0                pending_services_FIFO
 COMMON         0x000000000004a360      0xcac modules/communication.o
                0x000000000004a360                pipe
                0x000000000004afd8                msg_request
                0x000000000004b000                message_request
 COMMON         0x000000000004b00c       0xa4 modules/task_control.o
                0x000000000004b00c                tcbs
 COMMON         0x000000000004b0b0       0x20 modules/task_location.o
                0x000000000004b0b0                task_location
 COMMON         0x000000000004b0d0       0x2c modules/local_scheduler.o
                0x000000000004b0d0                scheduling
 COMMON         0x000000000004b0fc      0xaf0 modules/seek.o
                0x000000000004b0fc                SR_Table
 COMMON         0x000000000004bbec      0xbc0 modules/control_messages_fifo.o
                0x000000000004bbec                CMFifo
 COMMON         0x000000000004c7ac      0x330 modules/osz_slave.o
                0x000000000004c7ac                ward_pairs
                0x000000000004cacc                slave_candidate_other_cluster
                0x000000000004cadc                . = ALIGN ((. != 0x0)?0x4:0x1)
                0x000000000004cadc                . = ALIGN (0x4)
                0x000000000004cadc                . = ALIGN (0x4)
                0x000000000004cadc                _end = .
                0x000000000004cadc                PROVIDE (end, .)
                0x000000000004cadc                . = DATA_SEGMENT_END (.)

.stab
 *(.stab)

.stabstr
 *(.stabstr)

.stab.excl
 *(.stab.excl)

.stab.exclstr
 *(.stab.exclstr)

.stab.index
 *(.stab.index)

.stab.indexstr
 *(.stab.indexstr)

.comment        0x0000000000000000      0x10e
 *(.comment)
 .comment       0x0000000000000000       0x12 kernel_slave.o
 .comment       0x0000000000000012       0x12 modules/utils.o
 .comment       0x0000000000000024       0x12 modules/packet.o
 .comment       0x0000000000000036       0x12 modules/pending_service.o
 .comment       0x0000000000000048       0x12 modules/communication.o
 .comment       0x000000000000005a       0x12 modules/task_control.o
 .comment       0x000000000000006c       0x12 modules/task_location.o
 .comment       0x000000000000007e       0x12 modules/task_migration.o
 .comment       0x0000000000000090       0x12 modules/local_scheduler.o
 .comment       0x00000000000000a2       0x12 modules/seek.o
 .comment       0x00000000000000b4       0x12 modules/control_messages_fifo.o
 .comment       0x00000000000000c6       0x12 modules/csiphash.o
 .comment       0x00000000000000d8       0x12 modules/lfsr.o
 .comment       0x00000000000000ea       0x12 modules/osz_slave.o
 .comment       0x00000000000000fc       0x12 ../include/kernel_pkg.o

.debug
 *(.debug)

.line
 *(.line)

.debug_srcinfo
 *(.debug_srcinfo)

.debug_sfnames
 *(.debug_sfnames)

.debug_aranges
 *(.debug_aranges)

.debug_pubnames
 *(.debug_pubnames)

.debug_info
 *(.debug_info .gnu.linkonce.wi.*)

.debug_abbrev
 *(.debug_abbrev)

.debug_line
 *(.debug_line)

.debug_frame
 *(.debug_frame)

.debug_str
 *(.debug_str)

.debug_loc
 *(.debug_loc)

.debug_macinfo
 *(.debug_macinfo)

.debug_weaknames
 *(.debug_weaknames)

.debug_funcnames
 *(.debug_funcnames)

.debug_typenames
 *(.debug_typenames)

.debug_varnames
 *(.debug_varnames)

.gptab.sdata
 *(.gptab.data)
 *(.gptab.sdata)

.gptab.sbss
 *(.gptab.bss)
 *(.gptab.sbss)

.mdebug.abi32   0x000000000000010e        0x0
 *(.mdebug.abi32)
 .mdebug.abi32  0x000000000000010e        0x0 kernel_slave.o
 .mdebug.abi32  0x000000000000010e        0x0 modules/utils.o
 .mdebug.abi32  0x000000000000010e        0x0 modules/packet.o
 .mdebug.abi32  0x000000000000010e        0x0 modules/pending_service.o
 .mdebug.abi32  0x000000000000010e        0x0 modules/communication.o
 .mdebug.abi32  0x000000000000010e        0x0 modules/task_control.o
 .mdebug.abi32  0x000000000000010e        0x0 modules/task_location.o
 .mdebug.abi32  0x000000000000010e        0x0 modules/task_migration.o
 .mdebug.abi32  0x000000000000010e        0x0 modules/local_scheduler.o
 .mdebug.abi32  0x000000000000010e        0x0 modules/seek.o
 .mdebug.abi32  0x000000000000010e        0x0 modules/control_messages_fifo.o
 .mdebug.abi32  0x000000000000010e        0x0 modules/csiphash.o
 .mdebug.abi32  0x000000000000010e        0x0 modules/lfsr.o
 .mdebug.abi32  0x000000000000010e        0x0 modules/osz_slave.o
 .mdebug.abi32  0x000000000000010e        0x0 ../include/kernel_pkg.o

.mdebug.abiN32
 *(.mdebug.abiN32)

.mdebug.abi64
 *(.mdebug.abi64)

.mdebug.abiO64
 *(.mdebug.abiO64)

.mdebug.eabi32
 *(.mdebug.eabi32)

.mdebug.eabi64
 *(.mdebug.eabi64)

.gcc_compiled_long32
 *(.gcc_compiled_long32)

.gcc_compiled_long64
 *(.gcc_compiled_long64)

/DISCARD/
 *(.note.GNU-stack)
OUTPUT(kernel_slave_debug.bin elf32-bigmips)

.pdr            0x0000000000000000     0x1080
 .pdr           0x0000000000000000       0xa0 boot_slave.o
 .pdr           0x00000000000000a0      0x200 kernel_slave.o
 .pdr           0x00000000000002a0      0x1a0 modules/utils.o
 .pdr           0x0000000000000440       0xe0 modules/packet.o
 .pdr           0x0000000000000520       0x40 modules/pending_service.o
 .pdr           0x0000000000000560      0x360 modules/communication.o
 .pdr           0x00000000000008c0      0x180 modules/task_control.o
 .pdr           0x0000000000000a40       0xc0 modules/task_location.o
 .pdr           0x0000000000000b00      0x1e0 modules/task_migration.o
 .pdr           0x0000000000000ce0      0x120 modules/local_scheduler.o
 .pdr           0x0000000000000e00      0x100 modules/seek.o
 .pdr           0x0000000000000f00       0xc0 modules/control_messages_fifo.o
 .pdr           0x0000000000000fc0       0x40 modules/csiphash.o
 .pdr           0x0000000000001000       0x40 modules/lfsr.o
 .pdr           0x0000000000001040       0x40 modules/osz_slave.o
 .pdr           0x0000000000001080        0x0 ../include/kernel_pkg.o
